Component: ARM Compiler 6.14 Tool: armlink [5db06800]

==============================================================================

Section Cross References

    main.o(.ARM.exidx.text.MAX7219_Shutdown) refers to main.o(.text.MAX7219_Shutdown) for [Anonymous Symbol]
    main.o(.ARM.exidx.text.MAX7219_DecodeMode) refers to main.o(.text.MAX7219_DecodeMode) for [Anonymous Symbol]
    main.o(.ARM.exidx.text.MAX7219_DisplayTest) refers to main.o(.text.MAX7219_DisplayTest) for [Anonymous Symbol]
    main.o(.ARM.exidx.text.MAX7219_ScanLimit) refers to main.o(.text.MAX7219_ScanLimit) for [Anonymous Symbol]
    main.o(.ARM.exidx.text.MAX7219_SetValueForDigits) refers to main.o(.text.MAX7219_SetValueForDigits) for [Anonymous Symbol]
    main.o(.ARM.exidx.text.MAX7219_SetIntensity) refers to main.o(.text.MAX7219_SetIntensity) for [Anonymous Symbol]
    main.o(.text.SysTick_Handler) refers to main.o(.bss.CountTick) for CountTick
    main.o(.ARM.exidx.text.SysTick_Handler) refers to main.o(.text.SysTick_Handler) for [Anonymous Symbol]
    main.o(.text.PORTC_IRQHandler) refers to main.o(.bss.Alarm_Status) for Alarm_Status
    main.o(.text.PORTC_IRQHandler) refers to main.o(.bss.Mode_Current) for Mode_Current
    main.o(.text.PORTC_IRQHandler) refers to prototype.o(.text.GPIO_SetHighPIN) for GPIO_SetHighPIN
    main.o(.text.PORTC_IRQHandler) refers to main.o(.data.Mode_Intensity_Blank) for Mode_Intensity_Blank
    main.o(.text.PORTC_IRQHandler) refers to main.o(.bss.Date_Nam_Donvi) for Date_Nam_Donvi
    main.o(.text.PORTC_IRQHandler) refers to main.o(.text.MAX7219_SetValueForDigits) for MAX7219_SetValueForDigits
    main.o(.text.PORTC_IRQHandler) refers to main.o(.bss.Date_Nam_Chuc) for Date_Nam_Chuc
    main.o(.text.PORTC_IRQHandler) refers to main.o(.bss.Date_Nam_Tram) for Date_Nam_Tram
    main.o(.text.PORTC_IRQHandler) refers to main.o(.bss.Date_Nam_Ngan) for Date_Nam_Ngan
    main.o(.text.PORTC_IRQHandler) refers to main.o(.bss.Date_Thang_Donvi) for Date_Thang_Donvi
    main.o(.text.PORTC_IRQHandler) refers to main.o(.bss.Date_Thang_Chuc) for Date_Thang_Chuc
    main.o(.text.PORTC_IRQHandler) refers to main.o(.bss.Date_Ngay_Donvi) for Date_Ngay_Donvi
    main.o(.text.PORTC_IRQHandler) refers to main.o(.bss.Date_Ngay_Chuc) for Date_Ngay_Chuc
    main.o(.text.PORTC_IRQHandler) refers to main.o(.bss.Count_SW2) for Count_SW2
    main.o(.text.PORTC_IRQHandler) refers to main.o(.text.MAX7219_SetIntensity) for MAX7219_SetIntensity
    main.o(.ARM.exidx.text.PORTC_IRQHandler) refers to main.o(.text.PORTC_IRQHandler) for [Anonymous Symbol]
    main.o(.ARM.exidx.text.String_to_Int) refers to main.o(.text.String_to_Int) for [Anonymous Symbol]
    main.o(.text.CheckAndTurnOnAlarm) refers to main.o(.bss.Time_Gio_Chuc) for Time_Gio_Chuc
    main.o(.text.CheckAndTurnOnAlarm) refers to main.o(.bss.Alarm_Gio_Chuc) for Alarm_Gio_Chuc
    main.o(.text.CheckAndTurnOnAlarm) refers to main.o(.bss.Time_Gio_Donvi) for Time_Gio_Donvi
    main.o(.text.CheckAndTurnOnAlarm) refers to main.o(.bss.Alarm_Gio_Donvi) for Alarm_Gio_Donvi
    main.o(.text.CheckAndTurnOnAlarm) refers to main.o(.bss.Time_Phut_Chuc) for Time_Phut_Chuc
    main.o(.text.CheckAndTurnOnAlarm) refers to main.o(.bss.Alarm_Phut_Chuc) for Alarm_Phut_Chuc
    main.o(.text.CheckAndTurnOnAlarm) refers to main.o(.bss.Time_Phut_Donvi) for Time_Phut_Donvi
    main.o(.text.CheckAndTurnOnAlarm) refers to main.o(.bss.Alarm_Phut_Donvi) for Alarm_Phut_Donvi
    main.o(.text.CheckAndTurnOnAlarm) refers to main.o(.bss.Time_Giay_Chuc) for Time_Giay_Chuc
    main.o(.text.CheckAndTurnOnAlarm) refers to main.o(.bss.Alarm_Giay_Chuc) for Alarm_Giay_Chuc
    main.o(.text.CheckAndTurnOnAlarm) refers to main.o(.bss.Time_Giay_Donvi) for Time_Giay_Donvi
    main.o(.text.CheckAndTurnOnAlarm) refers to main.o(.bss.Alarm_Giay_Donvi) for Alarm_Giay_Donvi
    main.o(.text.CheckAndTurnOnAlarm) refers to main.o(.bss.Alarm_Status) for Alarm_Status
    main.o(.ARM.exidx.text.CheckAndTurnOnAlarm) refers to main.o(.text.CheckAndTurnOnAlarm) for [Anonymous Symbol]
    main.o(.text.Alarm_Operation) refers to main.o(.bss.Alarm_Status) for Alarm_Status
    main.o(.text.Alarm_Operation) refers to main.o(.bss.CountTick) for CountTick
    main.o(.text.Alarm_Operation) refers to prototype.o(.text.GPIO_TogglePIN) for GPIO_TogglePIN
    main.o(.text.Alarm_Operation) refers to main.o(.bss.Alarm_Count_Led) for Alarm_Count_Led
    main.o(.ARM.exidx.text.Alarm_Operation) refers to main.o(.text.Alarm_Operation) for [Anonymous Symbol]
    main.o(.ARM.exidx.text.PhanTich_Int_Donvi) refers to main.o(.text.PhanTich_Int_Donvi) for [Anonymous Symbol]
    main.o(.ARM.exidx.text.PhanTich_Int_Chuc) refers to main.o(.text.PhanTich_Int_Chuc) for [Anonymous Symbol]
    main.o(.ARM.exidx.text.PhanTich_Int_Tram) refers to main.o(.text.PhanTich_Int_Tram) for [Anonymous Symbol]
    main.o(.ARM.exidx.text.PhanTich_Int_Ngan) refers to main.o(.text.PhanTich_Int_Ngan) for [Anonymous Symbol]
[...]
    defsig_rtred_inner.o(.text) refers to defsig_general.o(.text) for __default_signal_display
    defsig_stak_inner.o(.text) refers to defsig_general.o(.text) for __default_signal_display
    defsig_pvfn_inner.o(.text) refers to defsig_general.o(.text) for __default_signal_display
    defsig_cppl_inner.o(.text) refers to defsig_general.o(.text) for __default_signal_display
    defsig_segv_inner.o(.text) refers to defsig_general.o(.text) for __default_signal_display
    defsig_other.o(.text) refers to defsig_general.o(.text) for __default_signal_display


==============================================================================

Removing Unused input sections from the image.

    Removing main.o(.text), (0 bytes).
    Removing main.o(.ARM.exidx.text.MAX7219_Shutdown), (8 bytes).
    Removing main.o(.ARM.exidx.text.MAX7219_DecodeMode), (8 bytes).
    Removing main.o(.ARM.exidx.text.MAX7219_DisplayTest), (8 bytes).
    Removing main.o(.ARM.exidx.text.MAX7219_ScanLimit), (8 bytes).
    Removing main.o(.ARM.exidx.text.MAX7219_SetValueForDigits), (8 bytes).
    Removing main.o(.ARM.exidx.text.MAX7219_SetIntensity), (8 bytes).
    Removing main.o(.ARM.exidx.text.SysTick_Handler), (8 bytes).
    Removing main.o(.ARM.exidx.text.PORTC_IRQHandler), (8 bytes).
    Removing main.o(.ARM.exidx.text.String_to_Int), (8 bytes).
    Removing main.o(.ARM.exidx.text.CheckAndTurnOnAlarm), (8 bytes).
    Removing main.o(.ARM.exidx.text.Alarm_Operation), (8 bytes).
    Removing main.o(.ARM.exidx.text.PhanTich_Int_Donvi), (8 bytes).
    Removing main.o(.ARM.exidx.text.PhanTich_Int_Chuc), (8 bytes).
    Removing main.o(.ARM.exidx.text.PhanTich_Int_Tram), (8 bytes).
    Removing main.o(.ARM.exidx.text.PhanTich_Int_Ngan), (8 bytes).
    Removing main.o(.ARM.exidx.text.CheckNgay_1), (8 bytes).
    Removing main.o(.ARM.exidx.text.CheckNgay_2), (8 bytes).
    Removing main.o(.ARM.exidx.text.CheckTime_1), (8 bytes).
    Removing main.o(.ARM.exidx.text.CheckAlarm_1), (8 bytes).
    Removing main.o(.ARM.exidx.text.main), (8 bytes).
    Removing main.o(.ARM.use_no_argv), (4 bytes).
    Removing prototype.o(.text), (0 bytes).
    Removing prototype.o(.ARM.exidx.text.GPIO_Input_Init), (8 bytes).
    Removing prototype.o(.ARM.exidx.text.GPIO_Output_Init), (8 bytes).
    Removing prototype.o(.ARM.exidx.text.GPIO_TogglePIN), (8 bytes).
    Removing prototype.o(.ARM.exidx.text.GPIO_SetHighPIN), (8 bytes).
    Removing prototype.o(.text.GPIO_SetLowPIN), (24 bytes).
    Removing prototype.o(.ARM.exidx.text.GPIO_SetLowPIN), (8 bytes).
    Removing prototype.o(.ARM.exidx.text.NVIC_Interrupt_Init), (8 bytes).
    Removing prototype.o(.text.NVIC_Interrupt_Timer), (50 bytes).
    Removing prototype.o(.ARM.exidx.text.NVIC_Interrupt_Timer), (8 bytes).
    Removing prototype.o(.ARM.exidx.text.NVIC_Systick_Enable), (8 bytes).
    Removing prototype.o(.ARM.exidx.text.NVIC_Systick_Init), (8 bytes).
    Removing prototype.o(.ARM.exidx.text.SCG_Switch_RunMode_SystemClockSource), (8 bytes).
    Removing prototype.o(.ARM.exidx.text.SCG_Enable_SourceCLock), (8 bytes).
    Removing prototype.o(.ARM.exidx.text.SCG_EnableAndCongfig_PLL), (8 bytes).
    Removing prototype.o(.ARM.exidx.text.SCG_CongfigDIV_PCC), (8 bytes).
    Removing prototype.o(.text.PCC_SelectSource_LPIT), (42 bytes).
    Removing prototype.o(.ARM.exidx.text.PCC_SelectSource_LPIT), (8 bytes).
    Removing prototype.o(.ARM.exidx.text.PCC_EnableClock_Port), (8 bytes).
    Removing prototype.o(.ARM.exidx.text.PCC_EnableClock_LPUART), (8 bytes).
    Removing prototype.o(.ARM.exidx.text.PCC_EnableClock_LPSPI), (8 bytes).
    Removing prototype.o(.text.LPIT_InitPCCToTimer), (26 bytes).
    Removing prototype.o(.ARM.exidx.text.LPIT_InitPCCToTimer), (8 bytes).
    Removing prototype.o(.text.LPIT_EnableChannelInterrupt), (30 bytes).
    Removing prototype.o(.ARM.exidx.text.LPIT_EnableChannelInterrupt), (8 bytes).
    Removing prototype.o(.text.LPIT_CongfigTimer32bit), (90 bytes).
    Removing prototype.o(.ARM.exidx.text.LPIT_CongfigTimer32bit), (8 bytes).
    Removing prototype.o(.text.LPIT_CongfigTimer16bit), (106 bytes).
    Removing prototype.o(.ARM.exidx.text.LPIT_CongfigTimer16bit), (8 bytes).
    Removing prototype.o(.text.LPIT_EnableOrDisableTimerChannel), (82 bytes).
    Removing prototype.o(.ARM.exidx.text.LPIT_EnableOrDisableTimerChannel), (8 bytes).
    Removing prototype.o(.text.LPIT_ClearFlagInterruptChannel), (30 bytes).
    Removing prototype.o(.ARM.exidx.text.LPIT_ClearFlagInterruptChannel), (8 bytes).
    Removing prototype.o(.text.LPIT_ChainModeChannel), (58 bytes).
    Removing prototype.o(.ARM.exidx.text.LPIT_ChainModeChannel), (8 bytes).
    Removing prototype.o(.ARM.exidx.text.LPUART_Init), (8 bytes).
    Removing prototype.o(.ARM.exidx.text.LPUART_EnableTransmitter), (8 bytes).
    Removing prototype.o(.text.LPUART_DisableTransmitter), (10 bytes).
    Removing prototype.o(.ARM.exidx.text.LPUART_DisableTransmitter), (8 bytes).
    Removing prototype.o(.ARM.exidx.text.LPUART_EnableReceiver), (8 bytes).
    Removing prototype.o(.text.LPUART_DisableReceiver), (10 bytes).
    Removing prototype.o(.ARM.exidx.text.LPUART_DisableReceiver), (8 bytes).
    Removing prototype.o(.text.LPUART_EnableInterrupt), (36 bytes).
    Removing prototype.o(.ARM.exidx.text.LPUART_EnableInterrupt), (8 bytes).
    Removing prototype.o(.text.LPUART_CheckFlagReceiver), (8 bytes).
    Removing prototype.o(.ARM.exidx.text.LPUART_CheckFlagReceiver), (8 bytes).
    Removing prototype.o(.text.LPUART_ClearFlagReceiver), (10 bytes).
    Removing prototype.o(.ARM.exidx.text.LPUART_ClearFlagReceiver), (8 bytes).
    Removing prototype.o(.text.LPUART_CheckFlagTransmitter), (8 bytes).
    Removing prototype.o(.ARM.exidx.text.LPUART_CheckFlagTransmitter), (8 bytes).
    Removing prototype.o(.text.LPUART_ClearFlagTransmitter), (10 bytes).
    Removing prototype.o(.ARM.exidx.text.LPUART_ClearFlagTransmitter), (8 bytes).
    Removing prototype.o(.ARM.exidx.text.LPUART_SendString), (8 bytes).
    Removing prototype.o(.ARM.exidx.text.LPUART_Receiver_Char), (8 bytes).
    Removing prototype.o(.text.LPUART_Receiver_String), (52 bytes).
    Removing prototype.o(.ARM.exidx.text.LPUART_Receiver_String), (8 bytes).
    Removing prototype.o(.ARM.exidx.text.LPUART_SendChar), (8 bytes).
    Removing startup.o(.text), (0 bytes).
    Removing startup.o(.ARM.exidx.text.init_data_bss), (8 bytes).
    Removing system_s32k144.o(.text), (0 bytes).
    Removing system_s32k144.o(.ARM.exidx.text.SystemInit), (8 bytes).
    Removing system_s32k144.o(.text.SystemCoreClockUpdate), (156 bytes).
    Removing system_s32k144.o(.ARM.exidx.text.SystemCoreClockUpdate), (8 bytes).
    Removing system_s32k144.o(.text.SystemSoftwareReset), (32 bytes).
    Removing system_s32k144.o(.ARM.exidx.text.SystemSoftwareReset), (8 bytes).
    Removing system_s32k144.o(.data.SystemCoreClock), (4 bytes).

88 unused section(s) (total 1374 bytes) removed from the image.

==============================================================================

Image Symbol Table

    Local Symbols

    Symbol Name                              Value     Ov Type        Size  Object(Section)

    ../clib/angel/boardlib.s                 0x00000000   Number         0  boardinit1.o ABSOLUTE
    ../clib/angel/boardlib.s                 0x00000000   Number         0  boardinit2.o ABSOLUTE
    ../clib/angel/boardlib.s                 0x00000000   Number         0  boardinit3.o ABSOLUTE
    ../clib/angel/boardlib.s                 0x00000000   Number         0  boardshut.o ABSOLUTE
    ../clib/angel/dclz77c.s                  0x00000000   Number         0  __dclz77c.o ABSOLUTE
    ../clib/angel/handlers.s                 0x00000000   Number         0  __scatter_zi.o ABSOLUTE
    ../clib/angel/kernel.s                   0x00000000   Number         0  __rtentry.o ABSOLUTE
    ../clib/angel/kernel.s                   0x00000000   Number         0  __rtentry2.o ABSOLUTE
    ../clib/angel/kernel.s                   0x00000000   Number         0  __rtentry4.o ABSOLUTE
    ../clib/angel/kernel.s                   0x00000000   Number         0  __rtentry7.o ABSOLUTE
    ../clib/angel/kernel.s                   0x00000000   Number         0  rtexit.o ABSOLUTE
    ../clib/angel/kernel.s                   0x00000000   Number         0  rtexit2.o ABSOLUTE
    ../clib/angel/rt.s                       0x00000000   Number         0  rt_raise.o ABSOLUTE
    ../clib/angel/scatter.s                  0x00000000   Number         0  __scatter.o ABSOLUTE
    ../clib/angel/startup.s                  0x00000000   Number         0  __main.o ABSOLUTE
    ../clib/angel/sys.s                      0x00000000   Number         0  sys_stackheap_outer.o ABSOLUTE
    ../clib/angel/sys.s                      0x00000000   Number         0  libspace.o ABSOLUTE
    ../clib/angel/sys.s                      0x00000000   Number         0  sys_stackheap.o ABSOLUTE
    ../clib/angel/sys.s                      0x00000000   Number         0  sys_stackheap_hlt.o ABSOLUTE
    ../clib/angel/sys.s                      0x00000000   Number         0  use_no_semi.o ABSOLUTE
    ../clib/angel/sys.s                      0x00000000   Number         0  indicate_semi.o ABSOLUTE
    ../clib/angel/sysapp.c                   0x00000000   Number         0  sys_exit.o ABSOLUTE
    ../clib/angel/sysapp.c                   0x00000000   Number         0  sys_exit_hlt.o ABSOLUTE
    ../clib/angel/sysapp.c                   0x00000000   Number         0  sys_command.o ABSOLUTE
    ../clib/angel/sysapp.c                   0x00000000   Number         0  sys_command_hlt.o ABSOLUTE
    ../clib/angel/sysapp.c                   0x00000000   Number         0  sys_wrch.o ABSOLUTE
    ../clib/angel/sysapp.c                   0x00000000   Number         0  sys_wrch_hlt.o ABSOLUTE
    ../clib/armsys.c                         0x00000000   Number         0  argv_veneer.o ABSOLUTE
    ../clib/armsys.c                         0x00000000   Number         0  argv_veneer.o ABSOLUTE
    ../clib/armsys.c                         0x00000000   Number         0  _get_argv_nomalloc.o ABSOLUTE
    ../clib/armsys.c                         0x00000000   Number         0  no_argv.o ABSOLUTE
    ../clib/heapalloc.c                      0x00000000   Number         0  hrguard.o ABSOLUTE
    ../clib/libinit.s                        0x00000000   Number         0  libinit.o ABSOLUTE
    ../clib/libinit.s                        0x00000000   Number         0  libinit2.o ABSOLUTE
    ../clib/libinit.s                        0x00000000   Number         0  libinit5.o ABSOLUTE
    ../clib/libinit.s                        0x00000000   Number         0  libshutdown.o ABSOLUTE
    ../clib/libinit.s                        0x00000000   Number         0  libshutdown2.o ABSOLUTE
    ../clib/signal.c                         0x00000000   Number         0  defsig_rtmem_outer.o ABSOLUTE
    ../clib/signal.c                         0x00000000   Number         0  defsig_rtmem_formal.o ABSOLUTE
    ../clib/signal.c                         0x00000000   Number         0  defsig_exit.o ABSOLUTE
    ../clib/signal.c                         0x00000000   Number         0  defsig_rtmem_inner.o ABSOLUTE
    ../clib/signal.c                         0x00000000   Number         0  __raise.o ABSOLUTE
    ../clib/signal.c                         0x00000000   Number         0  defsig_general.o ABSOLUTE
    ../clib/signal.c                         0x00000000   Number         0  defsig_abrt_inner.o ABSOLUTE
    ../clib/signal.c                         0x00000000   Number         0  defsig_fpe_inner.o ABSOLUTE
    ../clib/signal.c                         0x00000000   Number         0  defsig_rtred_inner.o ABSOLUTE
    ../clib/signal.c                         0x00000000   Number         0  defsig_stak_inner.o ABSOLUTE
    ../clib/signal.c                         0x00000000   Number         0  defsig_pvfn_inner.o ABSOLUTE
    ../clib/signal.c                         0x00000000   Number         0  defsig_cppl_inner.o ABSOLUTE
    ../clib/signal.c                         0x00000000   Number         0  defsig_segv_inner.o ABSOLUTE
    ../clib/signal.c                         0x00000000   Number         0  defsig_other.o ABSOLUTE
    ../clib/signal.s                         0x00000000   Number         0  defsig.o ABSOLUTE
    ../clib/stdlib.c                         0x00000000   Number         0  exit.o ABSOLUTE
    ../fplib/fpinit.s                        0x00000000   Number         0  fpinit.o ABSOLUTE
    Prototype.c                              0x00000000   Number         0  prototype.o ABSOLUTE
    RTE\Device\S32K144HAxxxLLx\startup_S32K144.S 0x00000000   Number         0  startup_s32k144.o ABSOLUTE
    dc.s                                     0x00000000   Number         0  dc.o ABSOLUTE
    main.c                                   0x00000000   Number         0  main.o ABSOLUTE
    startup.c                                0x00000000   Number         0  startup.o ABSOLUTE
    system_S32K144.c                         0x00000000   Number         0  system_s32k144.o ABSOLUTE
    RESET                                    0x00000000   Section      560  startup_s32k144.o(RESET)
    FlashConfig                              0x00000400   Section       16  startup_s32k144.o(FlashConfig)
    !!!main                                  0x00000410   Section        8  __main.o(!!!main)
    !!!scatter                               0x00000418   Section       52  __scatter.o(!!!scatter)
    !!dclz77c                                0x0000044c   Section      100  __dclz77c.o(!!dclz77c)
    !!handler_zi                             0x000004b0   Section       28  __scatter_zi.o(!!handler_zi)
    .ARM.Collect$$libinit$$00000000          0x000004cc   Section        2  libinit.o(.ARM.Collect$$libinit$$00000000)
    .ARM.Collect$$libinit$$00000001          0x000004ce   Section        4  libinit2.o(.ARM.Collect$$libinit$$00000001)
    .ARM.Collect$$libinit$$00000004          0x000004d2   Section        0  libinit2.o(.ARM.Collect$$libinit$$00000004)
    .ARM.Collect$$libinit$$0000000A          0x000004d2   Section        0  libinit2.o(.ARM.Collect$$libinit$$0000000A)
    .ARM.Collect$$libinit$$0000000C          0x000004d2   Section        0  libinit2.o(.ARM.Collect$$libinit$$0000000C)
    .ARM.Collect$$libinit$$0000000E          0x000004d2   Section        0  libinit2.o(.ARM.Collect$$libinit$$0000000E)
    .ARM.Collect$$libinit$$00000011          0x000004d2   Section        0  libinit2.o(.ARM.Collect$$libinit$$00000011)
    .ARM.Collect$$libinit$$00000013          0x000004d2   Section        0  libinit2.o(.ARM.Collect$$libinit$$00000013)
    .ARM.Collect$$libinit$$00000015          0x000004d2   Section        0  libinit2.o(.ARM.Collect$$libinit$$00000015)
    .ARM.Collect$$libinit$$00000017          0x000004d2   Section        0  libinit2.o(.ARM.Collect$$libinit$$00000017)
    .ARM.Collect$$libinit$$00000019          0x000004d2   Section        0  libinit2.o(.ARM.Collect$$libinit$$00000019)
    .ARM.Collect$$libinit$$0000001B          0x000004d2   Section        0  libinit2.o(.ARM.Collect$$libinit$$0000001B)
    .ARM.Collect$$libinit$$0000001D          0x000004d2   Section        0  libinit2.o(.ARM.Collect$$libinit$$0000001D)
    .ARM.Collect$$libinit$$0000001F          0x000004d2   Section        0  libinit2.o(.ARM.Collect$$libinit$$0000001F)
    .ARM.Collect$$libinit$$00000021          0x000004d2   Section        0  libinit2.o(.ARM.Collect$$libinit$$00000021)
    .ARM.Collect$$libinit$$00000023          0x000004d2   Section        0  libinit2.o(.ARM.Collect$$libinit$$00000023)
    .ARM.Collect$$libinit$$00000025          0x000004d2   Section        0  libinit2.o(.ARM.Collect$$libinit$$00000025)
    .ARM.Collect$$libinit$$0000002C          0x000004d2   Section        0  libinit2.o(.ARM.Collect$$libinit$$0000002C)
    .ARM.Collect$$libinit$$0000002E          0x000004d2   Section        0  libinit2.o(.ARM.Collect$$libinit$$0000002E)
    .ARM.Collect$$libinit$$00000030          0x000004d2   Section        0  libinit2.o(.ARM.Collect$$libinit$$00000030)
    .ARM.Collect$$libinit$$00000032          0x000004d2   Section        0  libinit2.o(.ARM.Collect$$libinit$$00000032)
    .ARM.Collect$$libinit$$00000033          0x000004d2   Section        2  libinit2.o(.ARM.Collect$$libinit$$00000033)
    .ARM.Collect$$libshutdown$$00000000      0x000004d4   Section        2  libshutdown.o(.ARM.Collect$$libshutdown$$00000000)
    .ARM.Collect$$libshutdown$$00000002      0x000004d6   Section        0  libshutdown2.o(.ARM.Collect$$libshutdown$$00000002)
    .ARM.Collect$$libshutdown$$00000004      0x000004d6   Section        0  libshutdown2.o(.ARM.Collect$$libshutdown$$00000004)
    .ARM.Collect$$libshutdown$$00000007      0x000004d6   Section        0  libshutdown2.o(.ARM.Collect$$libshutdown$$00000007)
    .ARM.Collect$$libshutdown$$0000000A      0x000004d6   Section        0  libshutdown2.o(.ARM.Collect$$libshutdown$$0000000A)
    .ARM.Collect$$libshutdown$$0000000C      0x000004d6   Section        0  libshutdown2.o(.ARM.Collect$$libshutdown$$0000000C)
    .ARM.Collect$$libshutdown$$0000000F      0x000004d6   Section        0  libshutdown2.o(.ARM.Collect$$libshutdown$$0000000F)
    .ARM.Collect$$libshutdown$$00000010      0x000004d6   Section        2  libshutdown2.o(.ARM.Collect$$libshutdown$$00000010)
    .ARM.Collect$$rtentry$$00000000          0x000004d8   Section        0  __rtentry.o(.ARM.Collect$$rtentry$$00000000)
    .ARM.Collect$$rtentry$$00000002          0x000004d8   Section        0  __rtentry2.o(.ARM.Collect$$rtentry$$00000002)
    .ARM.Collect$$rtentry$$00000007          0x000004d8   Section        4  __rtentry7.o(.ARM.Collect$$rtentry$$00000007)
    .ARM.Collect$$rtentry$$00000009          0x000004dc   Section        0  __rtentry2.o(.ARM.Collect$$rtentry$$00000009)
    .ARM.Collect$$rtentry$$0000000A          0x000004dc   Section        4  __rtentry2.o(.ARM.Collect$$rtentry$$0000000A)
    .ARM.Collect$$rtentry$$0000000C          0x000004e0   Section        0  __rtentry2.o(.ARM.Collect$$rtentry$$0000000C)
    .ARM.Collect$$rtentry$$0000000D          0x000004e0   Section        8  __rtentry2.o(.ARM.Collect$$rtentry$$0000000D)
    __lit__00000000                          0x000004e8   Data           4  __rtentry7.o(.ARM.Collect$$rtentry$$00002718)
    .ARM.Collect$$rtentry$$00002718          0x000004e8   Section        4  __rtentry7.o(.ARM.Collect$$rtentry$$00002718)
    .ARM.Collect$$rtexit$$00000000           0x000004ec   Section        2  rtexit.o(.ARM.Collect$$rtexit$$00000000)
    .ARM.Collect$$rtexit$$00000002           0x000004ee   Section        0  rtexit2.o(.ARM.Collect$$rtexit$$00000002)
    .ARM.Collect$$rtexit$$00000003           0x000004ee   Section        4  rtexit2.o(.ARM.Collect$$rtexit$$00000003)
    .ARM.Collect$$rtexit$$00000004           0x000004f2   Section        6  rtexit2.o(.ARM.Collect$$rtexit$$00000004)
    .text                                    0x000004f8   Section      156  startup_s32k144.o(.text)
    $v0                                      0x0000054c   Number         0  startup_s32k144.o(.text)
    .text                                    0x00000594   Section        0  exit.o(.text)
    .text                                    0x000005a6   Section        2  use_no_semi.o(.text)
    .text                                    0x000005a8   Section        0  indicate_semi.o(.text)
    .text                                    0x000005a8   Section        0  sys_exit.o(.text)
    [Anonymous Symbol]                       0x000005b4   Section        0  main.o(.text.Alarm_Operation)
    [Anonymous Symbol]                       0x00000604   Section        0  main.o(.text.CheckAlarm_1)
    [Anonymous Symbol]                       0x00000628   Section        0  main.o(.text.CheckAndTurnOnAlarm)
    [Anonymous Symbol]                       0x000006c8   Section        0  main.o(.text.CheckNgay_1)
    [Anonymous Symbol]                       0x000006f8   Section        0  main.o(.text.CheckNgay_2)
    [Anonymous Symbol]                       0x000007bc   Section        0  main.o(.text.CheckTime_1)
    [Anonymous Symbol]                       0x000007e4   Section        0  prototype.o(.text.GPIO_Input_Init)
    [Anonymous Symbol]                       0x000008c4   Section        0  prototype.o(.text.GPIO_Output_Init)
    [Anonymous Symbol]                       0x000009a4   Section        0  prototype.o(.text.GPIO_SetHighPIN)
    [Anonymous Symbol]                       0x000009bc   Section        0  prototype.o(.text.GPIO_TogglePIN)
    [Anonymous Symbol]                       0x000009d4   Section        0  prototype.o(.text.LPUART_EnableReceiver)
    [Anonymous Symbol]                       0x000009e0   Section        0  prototype.o(.text.LPUART_EnableTransmitter)
    [Anonymous Symbol]                       0x000009ec   Section        0  prototype.o(.text.LPUART_Init)
    [Anonymous Symbol]                       0x00000a88   Section        0  prototype.o(.text.LPUART_Receiver_Char)
    [Anonymous Symbol]                       0x00000a9c   Section        0  prototype.o(.text.LPUART_SendChar)
    [Anonymous Symbol]                       0x00000ad4   Section        0  prototype.o(.text.LPUART_SendString)
    [Anonymous Symbol]                       0x00000b18   Section        0  main.o(.text.MAX7219_DecodeMode)
    [Anonymous Symbol]                       0x00000b74   Section        0  main.o(.text.MAX7219_DisplayTest)
    [Anonymous Symbol]                       0x00000ba8   Section        0  main.o(.text.MAX7219_ScanLimit)
    [Anonymous Symbol]                       0x00000bdc   Section        0  main.o(.text.MAX7219_SetIntensity)
    [Anonymous Symbol]                       0x00000bfc   Section        0  main.o(.text.MAX7219_SetValueForDigits)
    [Anonymous Symbol]                       0x00000cd4   Section        0  main.o(.text.MAX7219_Shutdown)
    [Anonymous Symbol]                       0x00000d14   Section        0  prototype.o(.text.NVIC_Interrupt_Init)
    [Anonymous Symbol]                       0x00000e14   Section        0  prototype.o(.text.NVIC_Systick_Enable)
    [Anonymous Symbol]                       0x00000e28   Section        0  prototype.o(.text.NVIC_Systick_Init)
    [Anonymous Symbol]                       0x00000e60   Section        0  prototype.o(.text.PCC_EnableClock_LPSPI)
    [Anonymous Symbol]                       0x00000ee4   Section        0  prototype.o(.text.PCC_EnableClock_LPUART)
    [Anonymous Symbol]                       0x00000f68   Section        0  prototype.o(.text.PCC_EnableClock_Port)
    [Anonymous Symbol]                       0x00000fe0   Section        0  main.o(.text.PORTC_IRQHandler)
    [Anonymous Symbol]                       0x00001194   Section        0  main.o(.text.PhanTich_Int_Chuc)
    [Anonymous Symbol]                       0x000011c4   Section        0  main.o(.text.PhanTich_Int_Donvi)
    [Anonymous Symbol]                       0x000011e8   Section        0  main.o(.text.PhanTich_Int_Ngan)
    [Anonymous Symbol]                       0x00001220   Section        0  main.o(.text.PhanTich_Int_Tram)
    [Anonymous Symbol]                       0x00001258   Section        0  prototype.o(.text.SCG_CongfigDIV_PCC)
    [Anonymous Symbol]                       0x00001310   Section        0  prototype.o(.text.SCG_EnableAndCongfig_PLL)
    [Anonymous Symbol]                       0x00001378   Section        0  prototype.o(.text.SCG_Enable_SourceCLock)
    [Anonymous Symbol]                       0x0000147c   Section        0  prototype.o(.text.SCG_Switch_RunMode_SystemClockSource)
    [Anonymous Symbol]                       0x000014dc   Section        0  main.o(.text.String_to_Int)
    [Anonymous Symbol]                       0x00001518   Section        0  main.o(.text.SysTick_Handler)
    [Anonymous Symbol]                       0x00001528   Section        0  system_s32k144.o(.text.SystemInit)
    [Anonymous Symbol]                       0x00001568   Section        0  startup.o(.text.init_data_bss)
    [Anonymous Symbol]                       0x000015b8   Section        0  main.o(.text.main)
    $v0                                      0x00001f86   Number         0  fpinit.o(x$fpl$fpinit)
    x$fpl$fpinit                             0x00001f86   Section       26  fpinit.o(x$fpl$fpinit)
    Mode_Intensity_Blank                     0x1fff8400   Data           4  main.o(.data.Mode_Intensity_Blank)
    [Anonymous Symbol]                       0x1fff8400   Section        0  main.o(.data.Mode_Intensity_Blank)
    String_Error                             0x1fff8404   Data          31  main.o(.data.String_Error)
    [Anonymous Symbol]                       0x1fff8404   Section        0  main.o(.data.String_Error)
    String_Intro                             0x1fff8423   Data          31  main.o(.data.String_Intro)
    [Anonymous Symbol]                       0x1fff8423   Section        0  main.o(.data.String_Intro)
    String_Requirement_Alarm                 0x1fff8442   Data          18  main.o(.data.String_Requirement_Alarm)
    [Anonymous Symbol]                       0x1fff8442   Section        0  main.o(.data.String_Requirement_Alarm)
    String_Requirement_Date                  0x1fff8454   Data          20  main.o(.data.String_Requirement_Date)
    [Anonymous Symbol]                       0x1fff8454   Section        0  main.o(.data.String_Requirement_Date)
    String_Requirement_Time                  0x1fff8468   Data          16  main.o(.data.String_Requirement_Time)
    [Anonymous Symbol]                       0x1fff8468   Section        0  main.o(.data.String_Requirement_Time)
    String_Rule_Date_1                       0x1fff8478   Data          41  main.o(.data.String_Rule_Date_1)
    [Anonymous Symbol]                       0x1fff8478   Section        0  main.o(.data.String_Rule_Date_1)
    String_Rule_Date_2                       0x1fff84a1   Data          31  main.o(.data.String_Rule_Date_2)
    [Anonymous Symbol]                       0x1fff84a1   Section        0  main.o(.data.String_Rule_Date_2)
    String_Rule_Date_3                       0x1fff84c0   Data          91  main.o(.data.String_Rule_Date_3)
    [Anonymous Symbol]                       0x1fff84c0   Section        0  main.o(.data.String_Rule_Date_3)
    String_String_Requirement_Alarm_Giay     0x1fff851b   Data          48  main.o(.data.String_String_Requirement_Alarm_Giay)
    [Anonymous Symbol]                       0x1fff851b   Section        0  main.o(.data.String_String_Requirement_Alarm_Giay)
    String_String_Requirement_Alarm_Giay_Syntax 0x1fff854b   Data          25  main.o(.data.String_String_Requirement_Alarm_Giay_Syntax)
    [Anonymous Symbol]                       0x1fff854b   Section        0  main.o(.data.String_String_Requirement_Alarm_Giay_Syntax)
    String_String_Requirement_Alarm_Gio      0x1fff8564   Data          43  main.o(.data.String_String_Requirement_Alarm_Gio)
    [Anonymous Symbol]                       0x1fff8564   Section        0  main.o(.data.String_String_Requirement_Alarm_Gio)
    String_String_Requirement_Alarm_Gio_Syntax 0x1fff858f   Data          23  main.o(.data.String_String_Requirement_Alarm_Gio_Syntax)
    [Anonymous Symbol]                       0x1fff858f   Section        0  main.o(.data.String_String_Requirement_Alarm_Gio_Syntax)
    String_String_Requirement_Alarm_Phut     0x1fff85a6   Data          51  main.o(.data.String_String_Requirement_Alarm_Phut)
    [Anonymous Symbol]                       0x1fff85a6   Section        0  main.o(.data.String_String_Requirement_Alarm_Phut)
    String_String_Requirement_Alarm_Phut_Syntax 0x1fff85d9   Data          26  main.o(.data.String_String_Requirement_Alarm_Phut_Syntax)
    [Anonymous Symbol]                       0x1fff85d9   Section        0  main.o(.data.String_String_Requirement_Alarm_Phut_Syntax)
    String_String_Requirement_Alarm_Syntax   0x1fff85f3   Data          38  main.o(.data.String_String_Requirement_Alarm_Syntax)
    [Anonymous Symbol]                       0x1fff85f3   Section        0  main.o(.data.String_String_Requirement_Alarm_Syntax)
    String_String_Requirement_Date_Nam       0x1fff8619   Data          43  main.o(.data.String_String_Requirement_Date_Nam)
    [Anonymous Symbol]                       0x1fff8619   Section        0  main.o(.data.String_String_Requirement_Date_Nam)
    String_String_Requirement_Date_Nam_Syntax 0x1fff8644   Data          27  main.o(.data.String_String_Requirement_Date_Nam_Syntax)
    [Anonymous Symbol]                       0x1fff8644   Section        0  main.o(.data.String_String_Requirement_Date_Nam_Syntax)
    String_String_Requirement_Date_Ngay      0x1fff865f   Data          44  main.o(.data.String_String_Requirement_Date_Ngay)
    [Anonymous Symbol]                       0x1fff865f   Section        0  main.o(.data.String_String_Requirement_Date_Ngay)
    String_String_Requirement_Date_Ngay_Syntax 0x1fff868b   Data          24  main.o(.data.String_String_Requirement_Date_Ngay_Syntax)
    [Anonymous Symbol]                       0x1fff868b   Section        0  main.o(.data.String_String_Requirement_Date_Ngay_Syntax)
    String_String_Requirement_Date_Syntax    0x1fff86a3   Data          39  main.o(.data.String_String_Requirement_Date_Syntax)
    [Anonymous Symbol]                       0x1fff86a3   Section        0  main.o(.data.String_String_Requirement_Date_Syntax)
    String_String_Requirement_Date_Thang     0x1fff86ca   Data          48  main.o(.data.String_String_Requirement_Date_Thang)
    [Anonymous Symbol]                       0x1fff86ca   Section        0  main.o(.data.String_String_Requirement_Date_Thang)
    String_String_Requirement_Date_Thang_Syntax 0x1fff86fa   Data          26  main.o(.data.String_String_Requirement_Date_Thang_Syntax)
    [Anonymous Symbol]                       0x1fff86fa   Section        0  main.o(.data.String_String_Requirement_Date_Thang_Syntax)
    String_String_Requirement_Time_Giay      0x1fff8714   Data          49  main.o(.data.String_String_Requirement_Time_Giay)
    [Anonymous Symbol]                       0x1fff8714   Section        0  main.o(.data.String_String_Requirement_Time_Giay)
    String_String_Requirement_Time_Giay_Syntax 0x1fff8745   Data          27  main.o(.data.String_String_Requirement_Time_Giay_Syntax)
    [Anonymous Symbol]                       0x1fff8745   Section        0  main.o(.data.String_String_Requirement_Time_Giay_Syntax)
    String_String_Requirement_Time_Gio       0x1fff8760   Data          45  main.o(.data.String_String_Requirement_Time_Gio)
    [Anonymous Symbol]                       0x1fff8760   Section        0  main.o(.data.String_String_Requirement_Time_Gio)
    String_String_Requirement_Time_Gio_Syntax 0x1fff878d   Data          25  main.o(.data.String_String_Requirement_Time_Gio_Syntax)
    [Anonymous Symbol]                       0x1fff878d   Section        0  main.o(.data.String_String_Requirement_Time_Gio_Syntax)
    String_String_Requirement_Time_Phut      0x1fff87a6   Data          53  main.o(.data.String_String_Requirement_Time_Phut)
    [Anonymous Symbol]                       0x1fff87a6   Section        0  main.o(.data.String_String_Requirement_Time_Phut)
    String_String_Requirement_Time_Phut_Syntax 0x1fff87db   Data          28  main.o(.data.String_String_Requirement_Time_Phut_Syntax)
    [Anonymous Symbol]                       0x1fff87db   Section        0  main.o(.data.String_String_Requirement_Time_Phut_Syntax)
    String_String_Requirement_Time_Syntax    0x1fff87f7   Data          37  main.o(.data.String_String_Requirement_Time_Syntax)
    [Anonymous Symbol]                       0x1fff87f7   Section        0  main.o(.data.String_String_Requirement_Time_Syntax)
    Alarm                                    0x20000000   Data          12  main.o(.bss.Alarm)
    [Anonymous Symbol]                       0x20000000   Section        0  main.o(.bss.Alarm)
    Alarm_Count_Led                          0x2000000c   Data           4  main.o(.bss.Alarm_Count_Led)
    [Anonymous Symbol]                       0x2000000c   Section        0  main.o(.bss.Alarm_Count_Led)
    Alarm_Giay_Chuc                          0x20000010   Data           4  main.o(.bss.Alarm_Giay_Chuc)
    [Anonymous Symbol]                       0x20000010   Section        0  main.o(.bss.Alarm_Giay_Chuc)
    Alarm_Giay_Donvi                         0x20000014   Data           4  main.o(.bss.Alarm_Giay_Donvi)
    [Anonymous Symbol]                       0x20000014   Section        0  main.o(.bss.Alarm_Giay_Donvi)
    Alarm_Gio_Chuc                           0x20000018   Data           4  main.o(.bss.Alarm_Gio_Chuc)
    [Anonymous Symbol]                       0x20000018   Section        0  main.o(.bss.Alarm_Gio_Chuc)
    Alarm_Gio_Donvi                          0x2000001c   Data           4  main.o(.bss.Alarm_Gio_Donvi)
    [Anonymous Symbol]                       0x2000001c   Section        0  main.o(.bss.Alarm_Gio_Donvi)
    Alarm_Phut_Chuc                          0x20000020   Data           4  main.o(.bss.Alarm_Phut_Chuc)
    [Anonymous Symbol]                       0x20000020   Section        0  main.o(.bss.Alarm_Phut_Chuc)
    Alarm_Phut_Donvi                         0x20000024   Data           4  main.o(.bss.Alarm_Phut_Donvi)
    [Anonymous Symbol]                       0x20000024   Section        0  main.o(.bss.Alarm_Phut_Donvi)
    Alarm_Status                             0x20000028   Data           4  main.o(.bss.Alarm_Status)
    [Anonymous Symbol]                       0x20000028   Section        0  main.o(.bss.Alarm_Status)
    CountTick                                0x2000002c   Data           4  main.o(.bss.CountTick)
    [Anonymous Symbol]                       0x2000002c   Section        0  main.o(.bss.CountTick)
    Count_SW2                                0x20000030   Data           4  main.o(.bss.Count_SW2)
    [Anonymous Symbol]                       0x20000030   Section        0  main.o(.bss.Count_SW2)
    Date                                     0x20000034   Data          12  main.o(.bss.Date)
    [Anonymous Symbol]                       0x20000034   Section        0  main.o(.bss.Date)
    Date_Nam_Chuc                            0x20000040   Data           4  main.o(.bss.Date_Nam_Chuc)
    [Anonymous Symbol]                       0x20000040   Section        0  main.o(.bss.Date_Nam_Chuc)
    Date_Nam_Donvi                           0x20000044   Data           4  main.o(.bss.Date_Nam_Donvi)
    [Anonymous Symbol]                       0x20000044   Section        0  main.o(.bss.Date_Nam_Donvi)
    Date_Nam_Ngan                            0x20000048   Data           4  main.o(.bss.Date_Nam_Ngan)
    [Anonymous Symbol]                       0x20000048   Section        0  main.o(.bss.Date_Nam_Ngan)
    Date_Nam_Tram                            0x2000004c   Data           4  main.o(.bss.Date_Nam_Tram)
    [Anonymous Symbol]                       0x2000004c   Section        0  main.o(.bss.Date_Nam_Tram)
    Date_Ngay_Chuc                           0x20000050   Data           4  main.o(.bss.Date_Ngay_Chuc)
    [Anonymous Symbol]                       0x20000050   Section        0  main.o(.bss.Date_Ngay_Chuc)
    Date_Ngay_Donvi                          0x20000054   Data           4  main.o(.bss.Date_Ngay_Donvi)
    [Anonymous Symbol]                       0x20000054   Section        0  main.o(.bss.Date_Ngay_Donvi)
    Date_Thang_Chuc                          0x20000058   Data           4  main.o(.bss.Date_Thang_Chuc)
    [Anonymous Symbol]                       0x20000058   Section        0  main.o(.bss.Date_Thang_Chuc)
    Date_Thang_Donvi                         0x2000005c   Data           4  main.o(.bss.Date_Thang_Donvi)
    [Anonymous Symbol]                       0x2000005c   Section        0  main.o(.bss.Date_Thang_Donvi)
    Mode_Current                             0x20000060   Data           4  main.o(.bss.Mode_Current)
    [Anonymous Symbol]                       0x20000060   Section        0  main.o(.bss.Mode_Current)
    Reg_Temp_TCR_1                           0x20000064   Data           4  main.o(.bss.Reg_Temp_TCR_1)
    [Anonymous Symbol]                       0x20000064   Section        0  main.o(.bss.Reg_Temp_TCR_1)
    String_Receiver                          0x20000068   Data          30  main.o(.bss.String_Receiver)
    [Anonymous Symbol]                       0x20000068   Section        0  main.o(.bss.String_Receiver)
    Time                                     0x20000088   Data          12  main.o(.bss.Time)
    [Anonymous Symbol]                       0x20000088   Section        0  main.o(.bss.Time)
    Time_Giay_Chuc                           0x20000094   Data           4  main.o(.bss.Time_Giay_Chuc)
    [Anonymous Symbol]                       0x20000094   Section        0  main.o(.bss.Time_Giay_Chuc)
    Time_Giay_Donvi                          0x20000098   Data           4  main.o(.bss.Time_Giay_Donvi)
    [Anonymous Symbol]                       0x20000098   Section        0  main.o(.bss.Time_Giay_Donvi)
    Time_Gio_Chuc                            0x2000009c   Data           4  main.o(.bss.Time_Gio_Chuc)
    [Anonymous Symbol]                       0x2000009c   Section        0  main.o(.bss.Time_Gio_Chuc)
    Time_Gio_Donvi                           0x200000a0   Data           4  main.o(.bss.Time_Gio_Donvi)
    [Anonymous Symbol]                       0x200000a0   Section        0  main.o(.bss.Time_Gio_Donvi)
    Time_Phut_Chuc                           0x200000a4   Data           4  main.o(.bss.Time_Phut_Chuc)
    [Anonymous Symbol]                       0x200000a4   Section        0  main.o(.bss.Time_Phut_Chuc)
    Time_Phut_Donvi                          0x200000a8   Data           4  main.o(.bss.Time_Phut_Donvi)
    [Anonymous Symbol]                       0x200000a8   Section        0  main.o(.bss.Time_Phut_Donvi)

    Global Symbols

    Symbol Name                              Value     Ov Type        Size  Object(Section)

    BuildAttributes$$THM_ISAv4$E$P$D$K$B$S$7EM$VFPi3$EXTD16$VFPS$VFMA$PE$A:L22UL41UL21$X:L11$S22US41US21$IEEE1$IW$~IW$USESV6$~STKCKD$USESV7$~SHL$OTIME$ROPI$EBA8$UX$STANDARDLIB$REQ8$PRES8$EABIv2 0x00000000   Number         0  anon$$obj.o ABSOLUTE
    Image$$RW_m_code$$Length                 0x00000000   Number         0  anon$$obj.o ABSOLUTE
    Image$$VECTOR_RAM$$Length                0x00000000   Number         0  anon$$obj.o ABSOLUTE
    Image$$VECTOR_ROM$$Base                  0x00000000   Number         0  anon$$obj.o ABSOLUTE
    __Vectors                                0x00000000   Data           4  startup_s32k144.o(RESET)
    Image$$ZI$$Limit                          - Undefined Weak Reference
    __ARM_exceptions_init                     - Undefined Weak Reference
    __alloca_initialize                       - Undefined Weak Reference
    __arm_preinit_                            - Undefined Weak Reference
    __cpp_initialize__aeabi_                  - Undefined Weak Reference
    __cxa_finalize                            - Undefined Weak Reference
    __rt_locale                               - Undefined Weak Reference
    __sigvec_lookup                           - Undefined Weak Reference
    _atexit_init                              - Undefined Weak Reference
    _call_atexit_fns                          - Undefined Weak Reference
    _clock_init                               - Undefined Weak Reference
    _fp_trap_init                             - Undefined Weak Reference
    _fp_trap_shutdown                         - Undefined Weak Reference
    _get_lc_collate                           - Undefined Weak Reference
    _get_lc_ctype                             - Undefined Weak Reference
    _get_lc_monetary                          - Undefined Weak Reference
    _get_lc_numeric                           - Undefined Weak Reference
    _get_lc_time                              - Undefined Weak Reference
    _getenv_init                              - Undefined Weak Reference
    _handle_redirection                       - Undefined Weak Reference
    _init_alloc                               - Undefined Weak Reference
    _init_user_alloc                          - Undefined Weak Reference
    _initio                                   - Undefined Weak Reference
    _rand_init                                - Undefined Weak Reference
    _signal_finish                            - Undefined Weak Reference
    _signal_init                              - Undefined Weak Reference
    _terminate_alloc                          - Undefined Weak Reference
    _terminate_user_alloc                     - Undefined Weak Reference
    _terminateio                              - Undefined Weak Reference
    Image$$VECTOR_ROM$$Length                0x00000230   Number         0  anon$$obj.o ABSOLUTE
    Image$$VECTOR_ROM$$Limit                 0x00000230   Number         0  anon$$obj.o ABSOLUTE
    Image$$ER_m_text_const$$Base             0x00000410   Number         0  anon$$obj.o ABSOLUTE
    Image$$ER_m_text_const$$Limit            0x00000410   Number         0  anon$$obj.o ABSOLUTE
    __main                                   0x00000411   Thumb Code     8  __main.o(!!!main)
    __scatterload                            0x00000419   Thumb Code     0  __scatter.o(!!!scatter)
    __scatterload_rt2                        0x00000419   Thumb Code    44  __scatter.o(!!!scatter)
    __scatterload_rt2_thumb_only             0x00000419   Thumb Code     0  __scatter.o(!!!scatter)
    Image$$RW_m_data$$Length                 0x0000041c   Number         0  anon$$obj.o ABSOLUTE
    __scatterload_null                       0x00000427   Thumb Code     0  __scatter.o(!!!scatter)
    __decompress                             0x0000044d   Thumb Code   100  __dclz77c.o(!!dclz77c)
    __decompress2                            0x0000044d   Thumb Code     0  __dclz77c.o(!!dclz77c)
    __scatterload_zeroinit                   0x000004b1   Thumb Code    28  __scatter_zi.o(!!handler_zi)
    __rt_lib_init                            0x000004cd   Thumb Code     0  libinit.o(.ARM.Collect$$libinit$$00000000)
    __rt_lib_init_fp_1                       0x000004cf   Thumb Code     0  libinit2.o(.ARM.Collect$$libinit$$00000001)
    __rt_lib_init_alloca_1                   0x000004d3   Thumb Code     0  libinit2.o(.ARM.Collect$$libinit$$0000002E)
    __rt_lib_init_argv_1                     0x000004d3   Thumb Code     0  libinit2.o(.ARM.Collect$$libinit$$0000002C)
    __rt_lib_init_atexit_1                   0x000004d3   Thumb Code     0  libinit2.o(.ARM.Collect$$libinit$$0000001B)
    __rt_lib_init_clock_1                    0x000004d3   Thumb Code     0  libinit2.o(.ARM.Collect$$libinit$$00000021)
    __rt_lib_init_cpp_1                      0x000004d3   Thumb Code     0  libinit2.o(.ARM.Collect$$libinit$$00000032)
    __rt_lib_init_exceptions_1               0x000004d3   Thumb Code     0  libinit2.o(.ARM.Collect$$libinit$$00000030)
    __rt_lib_init_fp_trap_1                  0x000004d3   Thumb Code     0  libinit2.o(.ARM.Collect$$libinit$$0000001F)
    __rt_lib_init_getenv_1                   0x000004d3   Thumb Code     0  libinit2.o(.ARM.Collect$$libinit$$00000023)
    __rt_lib_init_heap_1                     0x000004d3   Thumb Code     0  libinit2.o(.ARM.Collect$$libinit$$0000000A)
    __rt_lib_init_lc_collate_1               0x000004d3   Thumb Code     0  libinit2.o(.ARM.Collect$$libinit$$00000011)
    __rt_lib_init_lc_ctype_1                 0x000004d3   Thumb Code     0  libinit2.o(.ARM.Collect$$libinit$$00000013)
    __rt_lib_init_lc_monetary_1              0x000004d3   Thumb Code     0  libinit2.o(.ARM.Collect$$libinit$$00000015)
    __rt_lib_init_lc_numeric_1               0x000004d3   Thumb Code     0  libinit2.o(.ARM.Collect$$libinit$$00000017)
    __rt_lib_init_lc_time_1                  0x000004d3   Thumb Code     0  libinit2.o(.ARM.Collect$$libinit$$00000019)
    __rt_lib_init_preinit_1                  0x000004d3   Thumb Code     0  libinit2.o(.ARM.Collect$$libinit$$00000004)
    __rt_lib_init_rand_1                     0x000004d3   Thumb Code     0  libinit2.o(.ARM.Collect$$libinit$$0000000E)
    __rt_lib_init_return                     0x000004d3   Thumb Code     0  libinit2.o(.ARM.Collect$$libinit$$00000033)
    __rt_lib_init_signal_1                   0x000004d3   Thumb Code     0  libinit2.o(.ARM.Collect$$libinit$$0000001D)
    __rt_lib_init_stdio_1                    0x000004d3   Thumb Code     0  libinit2.o(.ARM.Collect$$libinit$$00000025)
    __rt_lib_init_user_alloc_1               0x000004d3   Thumb Code     0  libinit2.o(.ARM.Collect$$libinit$$0000000C)
    __rt_lib_shutdown                        0x000004d5   Thumb Code     0  libshutdown.o(.ARM.Collect$$libshutdown$$00000000)
    __rt_lib_shutdown_cpp_1                  0x000004d7   Thumb Code     0  libshutdown2.o(.ARM.Collect$$libshutdown$$00000002)
    __rt_lib_shutdown_fp_trap_1              0x000004d7   Thumb Code     0  libshutdown2.o(.ARM.Collect$$libshutdown$$00000007)
    __rt_lib_shutdown_heap_1                 0x000004d7   Thumb Code     0  libshutdown2.o(.ARM.Collect$$libshutdown$$0000000F)
    __rt_lib_shutdown_return                 0x000004d7   Thumb Code     0  libshutdown2.o(.ARM.Collect$$libshutdown$$00000010)
    __rt_lib_shutdown_signal_1               0x000004d7   Thumb Code     0  libshutdown2.o(.ARM.Collect$$libshutdown$$0000000A)
    __rt_lib_shutdown_stdio_1                0x000004d7   Thumb Code     0  libshutdown2.o(.ARM.Collect$$libshutdown$$00000004)
    __rt_lib_shutdown_user_alloc_1           0x000004d7   Thumb Code     0  libshutdown2.o(.ARM.Collect$$libshutdown$$0000000C)
    __rt_entry                               0x000004d9   Thumb Code     0  __rtentry.o(.ARM.Collect$$rtentry$$00000000)
    __rt_entry_presh_1                       0x000004d9   Thumb Code     0  __rtentry2.o(.ARM.Collect$$rtentry$$00000002)
    __rt_entry_sh                            0x000004d9   Thumb Code     0  __rtentry7.o(.ARM.Collect$$rtentry$$00000007)
    __rt_entry_li                            0x000004dd   Thumb Code     0  __rtentry2.o(.ARM.Collect$$rtentry$$0000000A)
    __rt_entry_postsh_1                      0x000004dd   Thumb Code     0  __rtentry2.o(.ARM.Collect$$rtentry$$00000009)
    __rt_entry_main                          0x000004e1   Thumb Code     0  __rtentry2.o(.ARM.Collect$$rtentry$$0000000D)
    __rt_entry_postli_1                      0x000004e1   Thumb Code     0  __rtentry2.o(.ARM.Collect$$rtentry$$0000000C)
    __rt_exit                                0x000004ed   Thumb Code     0  rtexit.o(.ARM.Collect$$rtexit$$00000000)
    __rt_exit_ls                             0x000004ef   Thumb Code     0  rtexit2.o(.ARM.Collect$$rtexit$$00000003)
    __rt_exit_prels_1                        0x000004ef   Thumb Code     0  rtexit2.o(.ARM.Collect$$rtexit$$00000002)
    __rt_exit_exit                           0x000004f3   Thumb Code     0  rtexit2.o(.ARM.Collect$$rtexit$$00000004)
    __RAM_VECTOR_TABLE_SIZE                  0x000004f8   Data           4  startup_s32k144.o(.text)
    __VECTOR_RAM                             0x000004fc   Data           4  startup_s32k144.o(.text)
    __VECTOR_ROM                             0x00000500   Data           4  startup_s32k144.o(.text)
    __VECTOR_ROM_START                       0x00000504   Data           4  startup_s32k144.o(.text)
    __VECTOR_ROM_END                         0x00000508   Data           4  startup_s32k144.o(.text)
    __CODE_ROM                               0x0000050c   Data           4  startup_s32k144.o(.text)
    __CODE_END                               0x00000510   Data           4  startup_s32k144.o(.text)
    __CODE_RAM                               0x00000514   Data           4  startup_s32k144.o(.text)
    __CODE_RAM_START                         0x00000518   Data           4  startup_s32k144.o(.text)
    __CODE_RAM_END                           0x0000051c   Data           4  startup_s32k144.o(.text)
    __BSS_START                              0x00000520   Data           4  startup_s32k144.o(.text)
    __BSS_END                                0x00000524   Data           4  startup_s32k144.o(.text)
    __DATA_RAM                               0x00000528   Data           4  startup_s32k144.o(.text)
    __DATA_RAM_START                         0x0000052c   Data           4  startup_s32k144.o(.text)
    __DATA_RAM_END                           0x00000530   Data           4  startup_s32k144.o(.text)
    __DATA_ROM                               0x00000534   Data           4  startup_s32k144.o(.text)
    __DATA_END                               0x00000538   Data           4  startup_s32k144.o(.text)
    __CUSTOM_SECTION_START                   0x0000053c   Data           4  startup_s32k144.o(.text)
    __CUSTOM_SECTION_END                     0x00000540   Data           4  startup_s32k144.o(.text)
    __RAM_START                              0x00000544   Data           4  startup_s32k144.o(.text)
    __RAM_END                                0x00000548   Data           4  startup_s32k144.o(.text)
    Reset_Handler                            0x0000054d   Thumb Code    28  startup_s32k144.o(.text)
    NMI_Handler                              0x00000569   Thumb Code     2  startup_s32k144.o(.text)
    HardFault_Handler                        0x0000056b   Thumb Code     2  startup_s32k144.o(.text)
    MemManage_Handler                        0x0000056d   Thumb Code     2  startup_s32k144.o(.text)
    BusFault_Handler                         0x0000056f   Thumb Code     2  startup_s32k144.o(.text)
    UsageFault_Handler                       0x00000571   Thumb Code     2  startup_s32k144.o(.text)
    SVC_Handler                              0x00000573   Thumb Code     2  startup_s32k144.o(.text)
    DebugMon_Handler                         0x00000575   Thumb Code     2  startup_s32k144.o(.text)
    PendSV_Handler                           0x00000577   Thumb Code     2  startup_s32k144.o(.text)
    DefaultISR                               0x0000057b   Thumb Code     2  startup_s32k144.o(.text)
    ADC0_IRQHandler                          0x0000057d   Thumb Code     0  startup_s32k144.o(.text)
    ADC1_IRQHandler                          0x0000057d   Thumb Code     0  startup_s32k144.o(.text)
    CAN0_Error_IRQHandler                    0x0000057d   Thumb Code     0  startup_s32k144.o(.text)
    CAN0_ORed_0_15_MB_IRQHandler             0x0000057d   Thumb Code     0  startup_s32k144.o(.text)
    CAN0_ORed_16_31_MB_IRQHandler            0x0000057d   Thumb Code     0  startup_s32k144.o(.text)
    CAN0_ORed_IRQHandler                     0x0000057d   Thumb Code     0  startup_s32k144.o(.text)
    CAN0_Wake_Up_IRQHandler                  0x0000057d   Thumb Code     0  startup_s32k144.o(.text)
    CAN1_Error_IRQHandler                    0x0000057d   Thumb Code     0  startup_s32k144.o(.text)
    CAN1_ORed_0_15_MB_IRQHandler             0x0000057d   Thumb Code     0  startup_s32k144.o(.text)
    CAN1_ORed_IRQHandler                     0x0000057d   Thumb Code     0  startup_s32k144.o(.text)
    CAN2_Error_IRQHandler                    0x0000057d   Thumb Code     0  startup_s32k144.o(.text)
    CAN2_ORed_0_15_MB_IRQHandler             0x0000057d   Thumb Code     0  startup_s32k144.o(.text)
    CAN2_ORed_IRQHandler                     0x0000057d   Thumb Code     0  startup_s32k144.o(.text)
    CMP0_IRQHandler                          0x0000057d   Thumb Code     0  startup_s32k144.o(.text)
    DMA0_IRQHandler                          0x0000057d   Thumb Code     0  startup_s32k144.o(.text)
    DMA10_IRQHandler                         0x0000057d   Thumb Code     0  startup_s32k144.o(.text)
    DMA11_IRQHandler                         0x0000057d   Thumb Code     0  startup_s32k144.o(.text)
    DMA12_IRQHandler                         0x0000057d   Thumb Code     0  startup_s32k144.o(.text)
    DMA13_IRQHandler                         0x0000057d   Thumb Code     0  startup_s32k144.o(.text)
    DMA14_IRQHandler                         0x0000057d   Thumb Code     0  startup_s32k144.o(.text)
    DMA15_IRQHandler                         0x0000057d   Thumb Code     0  startup_s32k144.o(.text)
    DMA1_IRQHandler                          0x0000057d   Thumb Code     0  startup_s32k144.o(.text)
    DMA2_IRQHandler                          0x0000057d   Thumb Code     0  startup_s32k144.o(.text)
    DMA3_IRQHandler                          0x0000057d   Thumb Code     0  startup_s32k144.o(.text)
    DMA4_IRQHandler                          0x0000057d   Thumb Code     0  startup_s32k144.o(.text)
    DMA5_IRQHandler                          0x0000057d   Thumb Code     0  startup_s32k144.o(.text)
    DMA6_IRQHandler                          0x0000057d   Thumb Code     0  startup_s32k144.o(.text)
    DMA7_IRQHandler                          0x0000057d   Thumb Code     0  startup_s32k144.o(.text)
    DMA8_IRQHandler                          0x0000057d   Thumb Code     0  startup_s32k144.o(.text)
    DMA9_IRQHandler                          0x0000057d   Thumb Code     0  startup_s32k144.o(.text)
    DMA_Error_IRQHandler                     0x0000057d   Thumb Code     0  startup_s32k144.o(.text)
    ERM_double_fault_IRQHandler              0x0000057d   Thumb Code     0  startup_s32k144.o(.text)
    ERM_single_fault_IRQHandler              0x0000057d   Thumb Code     0  startup_s32k144.o(.text)
    FLEXIO_IRQHandler                        0x0000057d   Thumb Code     0  startup_s32k144.o(.text)
    FTFC_Fault_IRQHandler                    0x0000057d   Thumb Code     0  startup_s32k144.o(.text)
    FTFC_IRQHandler                          0x0000057d   Thumb Code     0  startup_s32k144.o(.text)
    FTM0_Ch0_Ch1_IRQHandler                  0x0000057d   Thumb Code     0  startup_s32k144.o(.text)
    FTM0_Ch2_Ch3_IRQHandler                  0x0000057d   Thumb Code     0  startup_s32k144.o(.text)
    FTM0_Ch4_Ch5_IRQHandler                  0x0000057d   Thumb Code     0  startup_s32k144.o(.text)
    FTM0_Ch6_Ch7_IRQHandler                  0x0000057d   Thumb Code     0  startup_s32k144.o(.text)
    FTM0_Fault_IRQHandler                    0x0000057d   Thumb Code     0  startup_s32k144.o(.text)
    FTM0_Ovf_Reload_IRQHandler               0x0000057d   Thumb Code     0  startup_s32k144.o(.text)
    FTM1_Ch0_Ch1_IRQHandler                  0x0000057d   Thumb Code     0  startup_s32k144.o(.text)
    FTM1_Ch2_Ch3_IRQHandler                  0x0000057d   Thumb Code     0  startup_s32k144.o(.text)
    FTM1_Ch4_Ch5_IRQHandler                  0x0000057d   Thumb Code     0  startup_s32k144.o(.text)
    FTM1_Ch6_Ch7_IRQHandler                  0x0000057d   Thumb Code     0  startup_s32k144.o(.text)
    FTM1_Fault_IRQHandler                    0x0000057d   Thumb Code     0  startup_s32k144.o(.text)
    FTM1_Ovf_Reload_IRQHandler               0x0000057d   Thumb Code     0  startup_s32k144.o(.text)
    FTM2_Ch0_Ch1_IRQHandler                  0x0000057d   Thumb Code     0  startup_s32k144.o(.text)
    FTM2_Ch2_Ch3_IRQHandler                  0x0000057d   Thumb Code     0  startup_s32k144.o(.text)
    FTM2_Ch4_Ch5_IRQHandler                  0x0000057d   Thumb Code     0  startup_s32k144.o(.text)
    FTM2_Ch6_Ch7_IRQHandler                  0x0000057d   Thumb Code     0  startup_s32k144.o(.text)
    FTM2_Fault_IRQHandler                    0x0000057d   Thumb Code     0  startup_s32k144.o(.text)
    FTM2_Ovf_Reload_IRQHandler               0x0000057d   Thumb Code     0  startup_s32k144.o(.text)
    FTM3_Ch0_Ch1_IRQHandler                  0x0000057d   Thumb Code     0  startup_s32k144.o(.text)
    FTM3_Ch2_Ch3_IRQHandler                  0x0000057d   Thumb Code     0  startup_s32k144.o(.text)
    FTM3_Ch4_Ch5_IRQHandler                  0x0000057d   Thumb Code     0  startup_s32k144.o(.text)
    FTM3_Ch6_Ch7_IRQHandler                  0x0000057d   Thumb Code     0  startup_s32k144.o(.text)
    FTM3_Fault_IRQHandler                    0x0000057d   Thumb Code     0  startup_s32k144.o(.text)
    FTM3_Ovf_Reload_IRQHandler               0x0000057d   Thumb Code     0  startup_s32k144.o(.text)
    LPI2C0_Master_IRQHandler                 0x0000057d   Thumb Code     0  startup_s32k144.o(.text)
    LPI2C0_Slave_IRQHandler                  0x0000057d   Thumb Code     0  startup_s32k144.o(.text)
    LPIT0_Ch0_IRQHandler                     0x0000057d   Thumb Code     0  startup_s32k144.o(.text)
    LPIT0_Ch1_IRQHandler                     0x0000057d   Thumb Code     0  startup_s32k144.o(.text)
    LPIT0_Ch2_IRQHandler                     0x0000057d   Thumb Code     0  startup_s32k144.o(.text)
    LPIT0_Ch3_IRQHandler                     0x0000057d   Thumb Code     0  startup_s32k144.o(.text)
    LPSPI0_IRQHandler                        0x0000057d   Thumb Code     0  startup_s32k144.o(.text)
    LPSPI1_IRQHandler                        0x0000057d   Thumb Code     0  startup_s32k144.o(.text)
    LPSPI2_IRQHandler                        0x0000057d   Thumb Code     0  startup_s32k144.o(.text)
    LPTMR0_IRQHandler                        0x0000057d   Thumb Code     0  startup_s32k144.o(.text)
    LPUART0_RxTx_IRQHandler                  0x0000057d   Thumb Code     0  startup_s32k144.o(.text)
    LPUART1_RxTx_IRQHandler                  0x0000057d   Thumb Code     0  startup_s32k144.o(.text)
    LPUART2_RxTx_IRQHandler                  0x0000057d   Thumb Code     0  startup_s32k144.o(.text)
    LVD_LVW_IRQHandler                       0x0000057d   Thumb Code     0  startup_s32k144.o(.text)
    MCM_IRQHandler                           0x0000057d   Thumb Code     0  startup_s32k144.o(.text)
    PDB0_IRQHandler                          0x0000057d   Thumb Code     0  startup_s32k144.o(.text)
    PDB1_IRQHandler                          0x0000057d   Thumb Code     0  startup_s32k144.o(.text)
    PORTA_IRQHandler                         0x0000057d   Thumb Code     0  startup_s32k144.o(.text)
    PORTB_IRQHandler                         0x0000057d   Thumb Code     0  startup_s32k144.o(.text)
    PORTD_IRQHandler                         0x0000057d   Thumb Code     0  startup_s32k144.o(.text)
    PORTE_IRQHandler                         0x0000057d   Thumb Code     0  startup_s32k144.o(.text)
    RCM_IRQHandler                           0x0000057d   Thumb Code     0  startup_s32k144.o(.text)
    RTC_IRQHandler                           0x0000057d   Thumb Code     0  startup_s32k144.o(.text)
    RTC_Seconds_IRQHandler                   0x0000057d   Thumb Code     0  startup_s32k144.o(.text)
    Read_Collision_IRQHandler                0x0000057d   Thumb Code     0  startup_s32k144.o(.text)
    Reserved100_IRQHandler                   0x0000057d   Thumb Code     0  startup_s32k144.o(.text)
    Reserved103_IRQHandler                   0x0000057d   Thumb Code     0  startup_s32k144.o(.text)
    Reserved105_IRQHandler                   0x0000057d   Thumb Code     0  startup_s32k144.o(.text)
    Reserved106_IRQHandler                   0x0000057d   Thumb Code     0  startup_s32k144.o(.text)
    Reserved107_IRQHandler                   0x0000057d   Thumb Code     0  startup_s32k144.o(.text)
    Reserved110_IRQHandler                   0x0000057d   Thumb Code     0  startup_s32k144.o(.text)
    Reserved112_IRQHandler                   0x0000057d   Thumb Code     0  startup_s32k144.o(.text)
    Reserved113_IRQHandler                   0x0000057d   Thumb Code     0  startup_s32k144.o(.text)
    Reserved114_IRQHandler                   0x0000057d   Thumb Code     0  startup_s32k144.o(.text)
    Reserved45_IRQHandler                    0x0000057d   Thumb Code     0  startup_s32k144.o(.text)
    Reserved46_IRQHandler                    0x0000057d   Thumb Code     0  startup_s32k144.o(.text)
    Reserved48_IRQHandler                    0x0000057d   Thumb Code     0  startup_s32k144.o(.text)
    Reserved50_IRQHandler                    0x0000057d   Thumb Code     0  startup_s32k144.o(.text)
    Reserved52_IRQHandler                    0x0000057d   Thumb Code     0  startup_s32k144.o(.text)
    Reserved53_IRQHandler                    0x0000057d   Thumb Code     0  startup_s32k144.o(.text)
    Reserved54_IRQHandler                    0x0000057d   Thumb Code     0  startup_s32k144.o(.text)
    Reserved58_IRQHandler                    0x0000057d   Thumb Code     0  startup_s32k144.o(.text)
    Reserved59_IRQHandler                    0x0000057d   Thumb Code     0  startup_s32k144.o(.text)
    Reserved69_IRQHandler                    0x0000057d   Thumb Code     0  startup_s32k144.o(.text)
    Reserved70_IRQHandler                    0x0000057d   Thumb Code     0  startup_s32k144.o(.text)
    Reserved71_IRQHandler                    0x0000057d   Thumb Code     0  startup_s32k144.o(.text)
    Reserved72_IRQHandler                    0x0000057d   Thumb Code     0  startup_s32k144.o(.text)
    Reserved81_IRQHandler                    0x0000057d   Thumb Code     0  startup_s32k144.o(.text)
    Reserved82_IRQHandler                    0x0000057d   Thumb Code     0  startup_s32k144.o(.text)
    Reserved83_IRQHandler                    0x0000057d   Thumb Code     0  startup_s32k144.o(.text)
    Reserved86_IRQHandler                    0x0000057d   Thumb Code     0  startup_s32k144.o(.text)
    Reserved87_IRQHandler                    0x0000057d   Thumb Code     0  startup_s32k144.o(.text)
    Reserved88_IRQHandler                    0x0000057d   Thumb Code     0  startup_s32k144.o(.text)
    Reserved89_IRQHandler                    0x0000057d   Thumb Code     0  startup_s32k144.o(.text)
    Reserved90_IRQHandler                    0x0000057d   Thumb Code     0  startup_s32k144.o(.text)
    Reserved91_IRQHandler                    0x0000057d   Thumb Code     0  startup_s32k144.o(.text)
    Reserved92_IRQHandler                    0x0000057d   Thumb Code     0  startup_s32k144.o(.text)
    Reserved93_IRQHandler                    0x0000057d   Thumb Code     0  startup_s32k144.o(.text)
    Reserved99_IRQHandler                    0x0000057d   Thumb Code     0  startup_s32k144.o(.text)
    SCG_IRQHandler                           0x0000057d   Thumb Code     0  startup_s32k144.o(.text)
    SWI_IRQHandler                           0x0000057d   Thumb Code     0  startup_s32k144.o(.text)
    WDOG_EWM_IRQHandler                      0x0000057d   Thumb Code     0  startup_s32k144.o(.text)
    exit                                     0x00000595   Thumb Code    18  exit.o(.text)
    __I$use$semihosting                      0x000005a7   Thumb Code     0  use_no_semi.o(.text)
    __use_no_semihosting_swi                 0x000005a7   Thumb Code     2  use_no_semi.o(.text)
    __semihosting_library_function           0x000005a9   Thumb Code     0  indicate_semi.o(.text)
    _sys_exit                                0x000005a9   Thumb Code     8  sys_exit.o(.text)
    Alarm_Operation                          0x000005b5   Thumb Code    78  main.o(.text.Alarm_Operation)
    CheckAlarm_1                             0x00000605   Thumb Code    36  main.o(.text.CheckAlarm_1)
    CheckAndTurnOnAlarm                      0x00000629   Thumb Code   160  main.o(.text.CheckAndTurnOnAlarm)
    CheckNgay_1                              0x000006c9   Thumb Code    46  main.o(.text.CheckNgay_1)
    CheckNgay_2                              0x000006f9   Thumb Code   194  main.o(.text.CheckNgay_2)
    CheckTime_1                              0x000007bd   Thumb Code    40  main.o(.text.CheckTime_1)
    GPIO_Input_Init                          0x000007e5   Thumb Code   224  prototype.o(.text.GPIO_Input_Init)
    GPIO_Output_Init                         0x000008c5   Thumb Code   222  prototype.o(.text.GPIO_Output_Init)
    GPIO_SetHighPIN                          0x000009a5   Thumb Code    22  prototype.o(.text.GPIO_SetHighPIN)
    GPIO_TogglePIN                           0x000009bd   Thumb Code    22  prototype.o(.text.GPIO_TogglePIN)
    LPUART_EnableReceiver                    0x000009d5   Thumb Code    10  prototype.o(.text.LPUART_EnableReceiver)
    LPUART_EnableTransmitter                 0x000009e1   Thumb Code    10  prototype.o(.text.LPUART_EnableTransmitter)
    LPUART_Init                              0x000009ed   Thumb Code   156  prototype.o(.text.LPUART_Init)
    LPUART_Receiver_Char                     0x00000a89   Thumb Code    20  prototype.o(.text.LPUART_Receiver_Char)
    LPUART_SendChar                          0x00000a9d   Thumb Code    54  prototype.o(.text.LPUART_SendChar)
    LPUART_SendString                        0x00000ad5   Thumb Code    66  prototype.o(.text.LPUART_SendString)
    MAX7219_DecodeMode                       0x00000b19   Thumb Code    92  main.o(.text.MAX7219_DecodeMode)
    MAX7219_DisplayTest                      0x00000b75   Thumb Code    52  main.o(.text.MAX7219_DisplayTest)
    MAX7219_ScanLimit                        0x00000ba9   Thumb Code    52  main.o(.text.MAX7219_ScanLimit)
    MAX7219_SetIntensity                     0x00000bdd   Thumb Code    30  main.o(.text.MAX7219_SetIntensity)
    MAX7219_SetValueForDigits                0x00000bfd   Thumb Code   214  main.o(.text.MAX7219_SetValueForDigits)
    MAX7219_Shutdown                         0x00000cd5   Thumb Code    64  main.o(.text.MAX7219_Shutdown)
    NVIC_Interrupt_Init                      0x00000d15   Thumb Code   256  prototype.o(.text.NVIC_Interrupt_Init)
    NVIC_Systick_Enable                      0x00000e15   Thumb Code    18  prototype.o(.text.NVIC_Systick_Enable)
    NVIC_Systick_Init                        0x00000e29   Thumb Code    56  prototype.o(.text.NVIC_Systick_Init)
    PCC_EnableClock_LPSPI                    0x00000e61   Thumb Code   130  prototype.o(.text.PCC_EnableClock_LPSPI)
    PCC_EnableClock_LPUART                   0x00000ee5   Thumb Code   130  prototype.o(.text.PCC_EnableClock_LPUART)
    PCC_EnableClock_Port                     0x00000f69   Thumb Code   118  prototype.o(.text.PCC_EnableClock_Port)
    PORTC_IRQHandler                         0x00000fe1   Thumb Code   436  main.o(.text.PORTC_IRQHandler)
    PhanTich_Int_Chuc                        0x00001195   Thumb Code    48  main.o(.text.PhanTich_Int_Chuc)
    PhanTich_Int_Donvi                       0x000011c5   Thumb Code    34  main.o(.text.PhanTich_Int_Donvi)
    PhanTich_Int_Ngan                        0x000011e9   Thumb Code    56  main.o(.text.PhanTich_Int_Ngan)
    PhanTich_Int_Tram                        0x00001221   Thumb Code    56  main.o(.text.PhanTich_Int_Tram)
    SCG_CongfigDIV_PCC                       0x00001259   Thumb Code   182  prototype.o(.text.SCG_CongfigDIV_PCC)
    SCG_EnableAndCongfig_PLL                 0x00001311   Thumb Code   102  prototype.o(.text.SCG_EnableAndCongfig_PLL)
    SCG_Enable_SourceCLock                   0x00001379   Thumb Code   260  prototype.o(.text.SCG_Enable_SourceCLock)
    SCG_Switch_RunMode_SystemClockSource     0x0000147d   Thumb Code    94  prototype.o(.text.SCG_Switch_RunMode_SystemClockSource)
    String_to_Int                            0x000014dd   Thumb Code    58  main.o(.text.String_to_Int)
    SysTick_Handler                          0x00001519   Thumb Code    16  main.o(.text.SysTick_Handler)
    SystemInit                               0x00001529   Thumb Code    64  system_s32k144.o(.text.SystemInit)
    init_data_bss                            0x00001569   Thumb Code    80  startup.o(.text.init_data_bss)
    main                                     0x000015b9   Thumb Code  2510  main.o(.text.main)
    _fp_init                                 0x00001f87   Thumb Code    26  fpinit.o(x$fpl$fpinit)
    __fplib_config_fpu_vfp                   0x00001f9f   Thumb Code     0  fpinit.o(x$fpl$fpinit)
    __fplib_config_pureend_doubles           0x00001f9f   Thumb Code     0  fpinit.o(x$fpl$fpinit)
    Region$$Table$$Base                      0x00001fa0   Number         0  anon$$obj.o(Region$$Table)
    Image$$ER_m_text$$Limit                  0x00001fc0   Number         0  anon$$obj.o ABSOLUTE
    Region$$Table$$Limit                     0x00001fc0   Number         0  anon$$obj.o(Region$$Table)
    Image$$VECTOR_RAM$$Base                  0x1fff8000   Number         0  anon$$obj.o ABSOLUTE
    Image$$RW_m_data$$Base                   0x1fff8400   Number         0  anon$$obj.o ABSOLUTE
    Image$$RW_m_code$$Base                   0x1fff881c   Number         0  anon$$obj.o ABSOLUTE
    Image$$RW_m_code$$Limit                  0x1fff881c   Number         0  anon$$obj.o ABSOLUTE
    Image$$RW_m_data$$Limit                  0x1fff881c   Number         0  anon$$obj.o ABSOLUTE
    Image$$RW_m_custom_section$$Base         0x20000000   Number         0  anon$$obj.o ABSOLUTE
    Image$$RW_m_custom_section$$Limit        0x20000000   Number         0  anon$$obj.o ABSOLUTE
    Image$$RW_m_data_2$$ZI$$Base             0x20000000   Number         0  anon$$obj.o ABSOLUTE
    Image$$ARM_LIB_HEAP$$ZI$$Base            0x200000ac   Number         0  anon$$obj.o ABSOLUTE
    Image$$RW_m_data_2$$ZI$$Limit            0x200000ac   Number         0  anon$$obj.o ABSOLUTE
    Image$$ARM_LIB_HEAP$$ZI$$Limit           0x200004ac   Number         0  anon$$obj.o ABSOLUTE
    Image$$ARM_LIB_STACK$$Limit              0x20006c00   Number         0  anon$$obj.o ABSOLUTE
    Image$$ARM_LIB_STACK$$ZI$$Limit          0x20007000   Number         0  anon$$obj.o ABSOLUTE



==============================================================================

Memory Map of the image

  Image Entry point : 0x00000411

  Load Region LR_m_text (Base: 0x00000000, Size: 0x000023dc, Max: 0x00080000, ABSOLUTE, COMPRESSED[0x0000219c])

    Execution Region VECTOR_ROM (Exec base: 0x00000000, Load base: 0x00000000, Size: 0x00000230, Max: 0x00000400, ABSOLUTE)

    Exec Addr    Load Addr    Size         Type   Attr      Idx    E Section Name        Object

    0x00000000   0x00000000   0x00000230   Data   RO          207    RESET               startup_s32k144.o


    Execution Region ER_m_flash_config (Exec base: 0x00000400, Load base: 0x00000400, Size: 0x00000010, Max: 0x00000010, ABSOLUTE, FIXED)

    Exec Addr    Load Addr    Size         Type   Attr      Idx    E Section Name        Object

    0x00000400   0x00000400   0x00000010   Data   RO          208    FlashConfig         startup_s32k144.o


    Execution Region ER_m_text_const (Exec base: 0x00000410, Load base: 0x00000410, Size: 0x00000000, Max: 0xffffffff, ABSOLUTE)

    **** No section assigned to this execution region ****


    Execution Region ER_m_text (Exec base: 0x00000410, Load base: 0x00000410, Size: 0x00001bb0, Max: 0x0007fbf0, ABSOLUTE)

    Exec Addr    Load Addr    Size         Type   Attr      Idx    E Section Name        Object

    0x00000410   0x00000410   0x00000008   Code   RO          231  * !!!main             c_w.l(__main.o)
    0x00000418   0x00000418   0x00000034   Code   RO          409    !!!scatter          c_w.l(__scatter.o)
    0x0000044c   0x0000044c   0x00000064   Code   RO          407    !!dclz77c           c_w.l(__dclz77c.o)
    0x000004b0   0x000004b0   0x0000001c   Code   RO          411    !!handler_zi        c_w.l(__scatter_zi.o)
    0x000004cc   0x000004cc   0x00000002   Code   RO          263    .ARM.Collect$$libinit$$00000000  c_w.l(libinit.o)
    0x000004ce   0x000004ce   0x00000004   Code   RO          273    .ARM.Collect$$libinit$$00000001  c_w.l(libinit2.o)
    0x000004d2   0x000004d2   0x00000000   Code   RO          276    .ARM.Collect$$libinit$$00000004  c_w.l(libinit2.o)
    0x000004d2   0x000004d2   0x00000000   Code   RO          279    .ARM.Collect$$libinit$$0000000A  c_w.l(libinit2.o)
    0x000004d2   0x000004d2   0x00000000   Code   RO          281    .ARM.Collect$$libinit$$0000000C  c_w.l(libinit2.o)
    0x000004d2   0x000004d2   0x00000000   Code   RO          283    .ARM.Collect$$libinit$$0000000E  c_w.l(libinit2.o)
    0x000004d2   0x000004d2   0x00000000   Code   RO          286    .ARM.Collect$$libinit$$00000011  c_w.l(libinit2.o)
    0x000004d2   0x000004d2   0x00000000   Code   RO          288    .ARM.Collect$$libinit$$00000013  c_w.l(libinit2.o)
    0x000004d2   0x000004d2   0x00000000   Code   RO          290    .ARM.Collect$$libinit$$00000015  c_w.l(libinit2.o)
    0x000004d2   0x000004d2   0x00000000   Code   RO          292    .ARM.Collect$$libinit$$00000017  c_w.l(libinit2.o)
    0x000004d2   0x000004d2   0x00000000   Code   RO          294    .ARM.Collect$$libinit$$00000019  c_w.l(libinit2.o)
    0x000004d2   0x000004d2   0x00000000   Code   RO          296    .ARM.Collect$$libinit$$0000001B  c_w.l(libinit2.o)
    0x000004d2   0x000004d2   0x00000000   Code   RO          298    .ARM.Collect$$libinit$$0000001D  c_w.l(libinit2.o)
    0x000004d2   0x000004d2   0x00000000   Code   RO          300    .ARM.Collect$$libinit$$0000001F  c_w.l(libinit2.o)
    0x000004d2   0x000004d2   0x00000000   Code   RO          302    .ARM.Collect$$libinit$$00000021  c_w.l(libinit2.o)
    0x000004d2   0x000004d2   0x00000000   Code   RO          304    .ARM.Collect$$libinit$$00000023  c_w.l(libinit2.o)
    0x000004d2   0x000004d2   0x00000000   Code   RO          306    .ARM.Collect$$libinit$$00000025  c_w.l(libinit2.o)
    0x000004d2   0x000004d2   0x00000000   Code   RO          310    .ARM.Collect$$libinit$$0000002C  c_w.l(libinit2.o)
    0x000004d2   0x000004d2   0x00000000   Code   RO          312    .ARM.Collect$$libinit$$0000002E  c_w.l(libinit2.o)
    0x000004d2   0x000004d2   0x00000000   Code   RO          314    .ARM.Collect$$libinit$$00000030  c_w.l(libinit2.o)
    0x000004d2   0x000004d2   0x00000000   Code   RO          316    .ARM.Collect$$libinit$$00000032  c_w.l(libinit2.o)
    0x000004d2   0x000004d2   0x00000002   Code   RO          317    .ARM.Collect$$libinit$$00000033  c_w.l(libinit2.o)
    0x000004d4   0x000004d4   0x00000002   Code   RO          346    .ARM.Collect$$libshutdown$$00000000  c_w.l(libshutdown.o)
    0x000004d6   0x000004d6   0x00000000   Code   RO          358    .ARM.Collect$$libshutdown$$00000002  c_w.l(libshutdown2.o)
    0x000004d6   0x000004d6   0x00000000   Code   RO          360    .ARM.Collect$$libshutdown$$00000004  c_w.l(libshutdown2.o)
    0x000004d6   0x000004d6   0x00000000   Code   RO          363    .ARM.Collect$$libshutdown$$00000007  c_w.l(libshutdown2.o)
    0x000004d6   0x000004d6   0x00000000   Code   RO          366    .ARM.Collect$$libshutdown$$0000000A  c_w.l(libshutdown2.o)
    0x000004d6   0x000004d6   0x00000000   Code   RO          368    .ARM.Collect$$libshutdown$$0000000C  c_w.l(libshutdown2.o)
    0x000004d6   0x000004d6   0x00000000   Code   RO          371    .ARM.Collect$$libshutdown$$0000000F  c_w.l(libshutdown2.o)
    0x000004d6   0x000004d6   0x00000002   Code   RO          372    .ARM.Collect$$libshutdown$$00000010  c_w.l(libshutdown2.o)
    0x000004d8   0x000004d8   0x00000000   Code   RO          233    .ARM.Collect$$rtentry$$00000000  c_w.l(__rtentry.o)
    0x000004d8   0x000004d8   0x00000000   Code   RO          235    .ARM.Collect$$rtentry$$00000002  c_w.l(__rtentry2.o)
    0x000004d8   0x000004d8   0x00000004   Code   RO          249    .ARM.Collect$$rtentry$$00000007  c_w.l(__rtentry7.o)
    0x000004dc   0x000004dc   0x00000000   Code   RO          237    .ARM.Collect$$rtentry$$00000009  c_w.l(__rtentry2.o)
    0x000004dc   0x000004dc   0x00000004   Code   RO          238    .ARM.Collect$$rtentry$$0000000A  c_w.l(__rtentry2.o)
    0x000004e0   0x000004e0   0x00000000   Code   RO          240    .ARM.Collect$$rtentry$$0000000C  c_w.l(__rtentry2.o)
    0x000004e0   0x000004e0   0x00000008   Code   RO          241    .ARM.Collect$$rtentry$$0000000D  c_w.l(__rtentry2.o)
    0x000004e8   0x000004e8   0x00000004   Code   RO          250    .ARM.Collect$$rtentry$$00002718  c_w.l(__rtentry7.o)
    0x000004ec   0x000004ec   0x00000002   Code   RO          271    .ARM.Collect$$rtexit$$00000000  c_w.l(rtexit.o)
    0x000004ee   0x000004ee   0x00000000   Code   RO          326    .ARM.Collect$$rtexit$$00000002  c_w.l(rtexit2.o)
    0x000004ee   0x000004ee   0x00000004   Code   RO          327    .ARM.Collect$$rtexit$$00000003  c_w.l(rtexit2.o)
    0x000004f2   0x000004f2   0x00000006   Code   RO          328    .ARM.Collect$$rtexit$$00000004  c_w.l(rtexit2.o)
    0x000004f8   0x000004f8   0x0000009c   Code   RO          206    .text               startup_s32k144.o
    0x00000594   0x00000594   0x00000012   Code   RO          256    .text               c_w.l(exit.o)
    0x000005a6   0x000005a6   0x00000002   Code   RO          322    .text               c_w.l(use_no_semi.o)
    0x000005a8   0x000005a8   0x00000000   Code   RO          324    .text               c_w.l(indicate_semi.o)
    0x000005a8   0x000005a8   0x0000000c   Code   RO          336    .text               c_w.l(sys_exit.o)
    0x000005b4   0x000005b4   0x0000004e   Code   RO           25    .text.Alarm_Operation  main.o
    0x00000602   0x00000602   0x00000002   PAD
    0x00000604   0x00000604   0x00000024   Code   RO           41    .text.CheckAlarm_1  main.o
    0x00000628   0x00000628   0x000000a0   Code   RO           23    .text.CheckAndTurnOnAlarm  main.o
    0x000006c8   0x000006c8   0x0000002e   Code   RO           35    .text.CheckNgay_1   main.o
    0x000006f6   0x000006f6   0x00000002   PAD
    0x000006f8   0x000006f8   0x000000c2   Code   RO           37    .text.CheckNgay_2   main.o
    0x000007ba   0x000007ba   0x00000002   PAD
    0x000007bc   0x000007bc   0x00000028   Code   RO           39    .text.CheckTime_1   main.o
    0x000007e4   0x000007e4   0x000000e0   Code   RO          114    .text.GPIO_Input_Init  prototype.o
    0x000008c4   0x000008c4   0x000000de   Code   RO          116    .text.GPIO_Output_Init  prototype.o
    0x000009a2   0x000009a2   0x00000002   PAD
    0x000009a4   0x000009a4   0x00000016   Code   RO          120    .text.GPIO_SetHighPIN  prototype.o
    0x000009ba   0x000009ba   0x00000002   PAD
    0x000009bc   0x000009bc   0x00000016   Code   RO          118    .text.GPIO_TogglePIN  prototype.o
    0x000009d2   0x000009d2   0x00000002   PAD
    0x000009d4   0x000009d4   0x0000000a   Code   RO          168    .text.LPUART_EnableReceiver  prototype.o
    0x000009de   0x000009de   0x00000002   PAD
    0x000009e0   0x000009e0   0x0000000a   Code   RO          164    .text.LPUART_EnableTransmitter  prototype.o
    0x000009ea   0x000009ea   0x00000002   PAD
    0x000009ec   0x000009ec   0x0000009c   Code   RO          162    .text.LPUART_Init   prototype.o
    0x00000a88   0x00000a88   0x00000014   Code   RO          184    .text.LPUART_Receiver_Char  prototype.o
    0x00000a9c   0x00000a9c   0x00000036   Code   RO          188    .text.LPUART_SendChar  prototype.o
    0x00000ad2   0x00000ad2   0x00000002   PAD
    0x00000ad4   0x00000ad4   0x00000042   Code   RO          182    .text.LPUART_SendString  prototype.o
    0x00000b16   0x00000b16   0x00000002   PAD
    0x00000b18   0x00000b18   0x0000005c   Code   RO            7    .text.MAX7219_DecodeMode  main.o
    0x00000b74   0x00000b74   0x00000034   Code   RO            9    .text.MAX7219_DisplayTest  main.o
    0x00000ba8   0x00000ba8   0x00000034   Code   RO           11    .text.MAX7219_ScanLimit  main.o
    0x00000bdc   0x00000bdc   0x0000001e   Code   RO           15    .text.MAX7219_SetIntensity  main.o
    0x00000bfa   0x00000bfa   0x00000002   PAD
    0x00000bfc   0x00000bfc   0x000000d6   Code   RO           13    .text.MAX7219_SetValueForDigits  main.o
    0x00000cd2   0x00000cd2   0x00000002   PAD
    0x00000cd4   0x00000cd4   0x00000040   Code   RO            5    .text.MAX7219_Shutdown  main.o
    0x00000d14   0x00000d14   0x00000100   Code   RO          124    .text.NVIC_Interrupt_Init  prototype.o
    0x00000e14   0x00000e14   0x00000012   Code   RO          128    .text.NVIC_Systick_Enable  prototype.o
    0x00000e26   0x00000e26   0x00000002   PAD
    0x00000e28   0x00000e28   0x00000038   Code   RO          130    .text.NVIC_Systick_Init  prototype.o
    0x00000e60   0x00000e60   0x00000082   Code   RO          146    .text.PCC_EnableClock_LPSPI  prototype.o
    0x00000ee2   0x00000ee2   0x00000002   PAD
    0x00000ee4   0x00000ee4   0x00000082   Code   RO          144    .text.PCC_EnableClock_LPUART  prototype.o
    0x00000f66   0x00000f66   0x00000002   PAD
    0x00000f68   0x00000f68   0x00000076   Code   RO          142    .text.PCC_EnableClock_Port  prototype.o
    0x00000fde   0x00000fde   0x00000002   PAD
    0x00000fe0   0x00000fe0   0x000001b4   Code   RO           19    .text.PORTC_IRQHandler  main.o
    0x00001194   0x00001194   0x00000030   Code   RO           29    .text.PhanTich_Int_Chuc  main.o
    0x000011c4   0x000011c4   0x00000022   Code   RO           27    .text.PhanTich_Int_Donvi  main.o
    0x000011e6   0x000011e6   0x00000002   PAD
    0x000011e8   0x000011e8   0x00000038   Code   RO           33    .text.PhanTich_Int_Ngan  main.o
    0x00001220   0x00001220   0x00000038   Code   RO           31    .text.PhanTich_Int_Tram  main.o
    0x00001258   0x00001258   0x000000b6   Code   RO          138    .text.SCG_CongfigDIV_PCC  prototype.o
    0x0000130e   0x0000130e   0x00000002   PAD
    0x00001310   0x00001310   0x00000066   Code   RO          136    .text.SCG_EnableAndCongfig_PLL  prototype.o
    0x00001376   0x00001376   0x00000002   PAD
    0x00001378   0x00001378   0x00000104   Code   RO          134    .text.SCG_Enable_SourceCLock  prototype.o
    0x0000147c   0x0000147c   0x0000005e   Code   RO          132    .text.SCG_Switch_RunMode_SystemClockSource  prototype.o
    0x000014da   0x000014da   0x00000002   PAD
    0x000014dc   0x000014dc   0x0000003a   Code   RO           21    .text.String_to_Int  main.o
    0x00001516   0x00001516   0x00000002   PAD
    0x00001518   0x00001518   0x00000010   Code   RO           17    .text.SysTick_Handler  main.o
    0x00001528   0x00001528   0x00000040   Code   RO          215    .text.SystemInit    system_s32k144.o
    0x00001568   0x00001568   0x00000050   Code   RO          198    .text.init_data_bss  startup.o
    0x000015b8   0x000015b8   0x000009ce   Code   RO           43    .text.main          main.o
    0x00001f86   0x00001f86   0x0000001a   Code   RO          334    x$fpl$fpinit        fz_wm.l(fpinit.o)
    0x00001fa0   0x00001fa0   0x00000020   Data   RO          406    Region$$Table       anon$$obj.o


    Execution Region VECTOR_RAM (Exec base: 0x1fff8000, Load base: 0x00000230, Size: 0x00000400, Max: 0x00000400, ABSOLUTE)

    Exec Addr    Load Addr    Size         Type   Attr      Idx    E Section Name        Object

    0x1fff8000        -       0x00000400   Zero   RW            1    VECTOR_RAM.bss      anon$$obj.o


    Execution Region RW_m_data (Exec base: 0x1fff8400, Load base: 0x00001fc0, Size: 0x0000041c, Max: 0xffffffff, ABSOLUTE, COMPRESSED[0x000001dc])

    Exec Addr    Load Addr    Size         Type   Attr      Idx    E Section Name        Object

    0x1fff8400   COMPRESSED   0x00000004   Data   RW           48    .data.Mode_Intensity_Blank  main.o
    0x1fff8404   COMPRESSED   0x0000001f   Data   RW           89    .data.String_Error  main.o
    0x1fff8423   COMPRESSED   0x0000001f   Data   RW           72    .data.String_Intro  main.o
    0x1fff8442   COMPRESSED   0x00000012   Data   RW           95    .data.String_Requirement_Alarm  main.o
    0x1fff8454   COMPRESSED   0x00000014   Data   RW          101    .data.String_Requirement_Date  main.o
    0x1fff8468   COMPRESSED   0x00000010   Data   RW           90    .data.String_Requirement_Time  main.o
    0x1fff8478   COMPRESSED   0x00000029   Data   RW           73    .data.String_Rule_Date_1  main.o
    0x1fff84a1   COMPRESSED   0x0000001f   Data   RW           74    .data.String_Rule_Date_2  main.o
    0x1fff84c0   COMPRESSED   0x0000005b   Data   RW           75    .data.String_Rule_Date_3  main.o
    0x1fff851b   COMPRESSED   0x00000030   Data   RW           99    .data.String_String_Requirement_Alarm_Giay  main.o
    0x1fff854b   COMPRESSED   0x00000019   Data   RW           83    .data.String_String_Requirement_Alarm_Giay_Syntax  main.o
    0x1fff8564   COMPRESSED   0x0000002b   Data   RW           96    .data.String_String_Requirement_Alarm_Gio  main.o
    0x1fff858f   COMPRESSED   0x00000017   Data   RW           81    .data.String_String_Requirement_Alarm_Gio_Syntax  main.o
    0x1fff85a6   COMPRESSED   0x00000033   Data   RW           98    .data.String_String_Requirement_Alarm_Phut  main.o
    0x1fff85d9   COMPRESSED   0x0000001a   Data   RW           82    .data.String_String_Requirement_Alarm_Phut_Syntax  main.o
    0x1fff85f3   COMPRESSED   0x00000026   Data   RW           80    .data.String_String_Requirement_Alarm_Syntax  main.o
    0x1fff8619   COMPRESSED   0x0000002b   Data   RW          104    .data.String_String_Requirement_Date_Nam  main.o
    0x1fff8644   COMPRESSED   0x0000001b   Data   RW           87    .data.String_String_Requirement_Date_Nam_Syntax  main.o
    0x1fff865f   COMPRESSED   0x0000002c   Data   RW          102    .data.String_String_Requirement_Date_Ngay  main.o
    0x1fff868b   COMPRESSED   0x00000018   Data   RW           85    .data.String_String_Requirement_Date_Ngay_Syntax  main.o
    0x1fff86a3   COMPRESSED   0x00000027   Data   RW           84    .data.String_String_Requirement_Date_Syntax  main.o
    0x1fff86ca   COMPRESSED   0x00000030   Data   RW          103    .data.String_String_Requirement_Date_Thang  main.o
    0x1fff86fa   COMPRESSED   0x0000001a   Data   RW           86    .data.String_String_Requirement_Date_Thang_Syntax  main.o
    0x1fff8714   COMPRESSED   0x00000031   Data   RW           94    .data.String_String_Requirement_Time_Giay  main.o
    0x1fff8745   COMPRESSED   0x0000001b   Data   RW           79    .data.String_String_Requirement_Time_Giay_Syntax  main.o
    0x1fff8760   COMPRESSED   0x0000002d   Data   RW           91    .data.String_String_Requirement_Time_Gio  main.o
    0x1fff878d   COMPRESSED   0x00000019   Data   RW           77    .data.String_String_Requirement_Time_Gio_Syntax  main.o
    0x1fff87a6   COMPRESSED   0x00000035   Data   RW           93    .data.String_String_Requirement_Time_Phut  main.o
    0x1fff87db   COMPRESSED   0x0000001c   Data   RW           78    .data.String_String_Requirement_Time_Phut_Syntax  main.o
    0x1fff87f7   COMPRESSED   0x00000025   Data   RW           76    .data.String_String_Requirement_Time_Syntax  main.o


    Execution Region RW_m_code (Exec base: 0x1fff881c, Load base: 0x0000219c, Size: 0x00000000, Max: 0x00007c00, ABSOLUTE)

    **** No section assigned to this execution region ****


    Execution Region RW_m_custom_section (Exec base: 0x20000000, Load base: 0x0000219c, Size: 0x00000000, Max: 0xffffffff, ABSOLUTE)

    **** No section assigned to this execution region ****


    Execution Region RW_m_data_2 (Exec base: 0x20000000, Load base: 0x0000219c, Size: 0x000000ac, Max: 0x00006800, ABSOLUTE)

    Exec Addr    Load Addr    Size         Type   Attr      Idx    E Section Name        Object

    0x20000000        -       0x0000000c   Zero   RW           97    .bss.Alarm          main.o
    0x2000000c        -       0x00000004   Zero   RW           70    .bss.Alarm_Count_Led  main.o
    0x20000010        -       0x00000004   Zero   RW           67    .bss.Alarm_Giay_Chuc  main.o
    0x20000014        -       0x00000004   Zero   RW           69    .bss.Alarm_Giay_Donvi  main.o
    0x20000018        -       0x00000004   Zero   RW           59    .bss.Alarm_Gio_Chuc  main.o
    0x2000001c        -       0x00000004   Zero   RW           61    .bss.Alarm_Gio_Donvi  main.o
    0x20000020        -       0x00000004   Zero   RW           63    .bss.Alarm_Phut_Chuc  main.o
    0x20000024        -       0x00000004   Zero   RW           65    .bss.Alarm_Phut_Donvi  main.o
    0x20000028        -       0x00000004   Zero   RW           47    .bss.Alarm_Status   main.o
    0x2000002c        -       0x00000004   Zero   RW           45    .bss.CountTick      main.o
    0x20000030        -       0x00000004   Zero   RW           57    .bss.Count_SW2      main.o
    0x20000034        -       0x0000000c   Zero   RW          100    .bss.Date           main.o
    0x20000040        -       0x00000004   Zero   RW           50    .bss.Date_Nam_Chuc  main.o
    0x20000044        -       0x00000004   Zero   RW           49    .bss.Date_Nam_Donvi  main.o
    0x20000048        -       0x00000004   Zero   RW           52    .bss.Date_Nam_Ngan  main.o
    0x2000004c        -       0x00000004   Zero   RW           51    .bss.Date_Nam_Tram  main.o
    0x20000050        -       0x00000004   Zero   RW           56    .bss.Date_Ngay_Chuc  main.o
    0x20000054        -       0x00000004   Zero   RW           55    .bss.Date_Ngay_Donvi  main.o
    0x20000058        -       0x00000004   Zero   RW           54    .bss.Date_Thang_Chuc  main.o
    0x2000005c        -       0x00000004   Zero   RW           53    .bss.Date_Thang_Donvi  main.o
    0x20000060        -       0x00000004   Zero   RW           46    .bss.Mode_Current   main.o
    0x20000064        -       0x00000004   Zero   RW           71    .bss.Reg_Temp_TCR_1  main.o
    0x20000068        -       0x0000001e   Zero   RW           92    .bss.String_Receiver  main.o
    0x20000086   0x0000219c   0x00000002   PAD
    0x20000088        -       0x0000000c   Zero   RW           88    .bss.Time           main.o
    0x20000094        -       0x00000004   Zero   RW           66    .bss.Time_Giay_Chuc  main.o
    0x20000098        -       0x00000004   Zero   RW           68    .bss.Time_Giay_Donvi  main.o
    0x2000009c        -       0x00000004   Zero   RW           58    .bss.Time_Gio_Chuc  main.o
    0x200000a0        -       0x00000004   Zero   RW           60    .bss.Time_Gio_Donvi  main.o
    0x200000a4        -       0x00000004   Zero   RW           62    .bss.Time_Phut_Chuc  main.o
    0x200000a8        -       0x00000004   Zero   RW           64    .bss.Time_Phut_Donvi  main.o


    Execution Region ARM_LIB_HEAP (Exec base: 0x200000ac, Load base: 0x0000219c, Size: 0x00000400, Max: 0x00000400, ABSOLUTE)

    Exec Addr    Load Addr    Size         Type   Attr      Idx    E Section Name        Object

    0x200000ac        -       0x00000400   Zero   RW            2    ARM_LIB_HEAP.bss    anon$$obj.o


    Execution Region ARM_LIB_STACK (Exec base: 0x20006c00, Load base: 0x0000219c, Size: 0x00000400, Max: 0x00000400, ABSOLUTE)

    Exec Addr    Load Addr    Size         Type   Attr      Idx    E Section Name        Object

    0x20006c00        -       0x00000400   Zero   RW            3    ARM_LIB_STACK.bss   anon$$obj.o


==============================================================================

Image component sizes


      Code (inc. data)   RO Data    RW Data    ZI Data      Debug   Object Name

      4272          0          0       1052        170      10613   main.o
      2152         24          0          0          0      13876   prototype.o
        80          0          0          0          0       1122   startup.o
       156        106        576          0          0        932   startup_s32k144.o
        64          0          0          0          0       2976   system_s32k144.o

    ----------------------------------------------------------------------
      6766        130        608       1052       3244      29519   Object Totals
         0          0         32          0       3072          0   (incl. Generated)
        42          0          0          0          2          0   (incl. Padding)

    ----------------------------------------------------------------------

      Code (inc. data)   RO Data    RW Data    ZI Data      Debug   Library Member Name

       100          0          0          0          0          0   __dclz77c.o
         8          0          0          0          0         68   __main.o
         0          0          0          0          0          0   __rtentry.o
        12          0          0          0          0          0   __rtentry2.o
         8          4          0          0          0          0   __rtentry7.o
        52          8          0          0          0          0   __scatter.o
        28          0          0          0          0          0   __scatter_zi.o
        18          0          0          0          0         80   exit.o
         0          0          0          0          0          0   indicate_semi.o
         2          0          0          0          0          0   libinit.o
         6          0          0          0          0          0   libinit2.o
         2          0          0          0          0          0   libshutdown.o
         2          0          0          0          0          0   libshutdown2.o
         2          0          0          0          0          0   rtexit.o
        10          0          0          0          0          0   rtexit2.o
        12          4          0          0          0         68   sys_exit.o
         2          0          0          0          0         68   use_no_semi.o
        26          0          0          0          0        116   fpinit.o

    ----------------------------------------------------------------------
       290         16          0          0          0        400   Library Totals
         0          0          0          0          0          0   (incl. Padding)

    ----------------------------------------------------------------------

      Code (inc. data)   RO Data    RW Data    ZI Data      Debug   Library Name

       264         16          0          0          0        284   c_w.l
        26          0          0          0          0        116   fz_wm.l

    ----------------------------------------------------------------------
       290         16          0          0          0        400   Library Totals

    ----------------------------------------------------------------------

==============================================================================


      Code (inc. data)   RO Data    RW Data    ZI Data      Debug   

      7056        146        608       1052       3244      29871   Grand Totals
      7056        146        608        476       3244      29871   ELF Image Totals (compressed)
      7056        146        608        476          0          0   ROM Totals

==============================================================================

    Total RO  Size (Code + RO Data)                 7664 (   7.48kB)
    Total RW  Size (RW Data + ZI Data)              4296 (   4.20kB)
    Total ROM Size (Code + RO Data + RW Data)       8140 (   7.95kB)

==============================================================================

